#! /opt/homebrew/Cellar/icarus-verilog/13.0/bin/vvp
:ivl_version "13.0 (stable)" "(v13_0)";
:ivl_delay_selection "TYPICAL";
:vpi_time_precision - 12;
:vpi_module "/opt/homebrew/Cellar/icarus-verilog/13.0/lib/ivl/system.vpi";
:vpi_module "/opt/homebrew/Cellar/icarus-verilog/13.0/lib/ivl/vhdl_sys.vpi";
:vpi_module "/opt/homebrew/Cellar/icarus-verilog/13.0/lib/ivl/vhdl_textio.vpi";
:vpi_module "/opt/homebrew/Cellar/icarus-verilog/13.0/lib/ivl/v2005_math.vpi";
:vpi_module "/opt/homebrew/Cellar/icarus-verilog/13.0/lib/ivl/va_math.vpi";
S_0x14ce0d500 .scope module, "sim_demux1x8" "sim_demux1x8" 2 2;
 .timescale -9 -12;
v0x14ce30bf0_0 .var "clk", 0 0;
v0x14ce30ca0_0 .var "din", 0 0;
v0x14ce30d30_0 .net "dout", 7 0, v0x14ce30870_0;  1 drivers
v0x14ce30de0_0 .var "en", 0 0;
v0x14ce30e90_0 .var/i "errors", 31 0;
v0x14ce30f60_0 .var/i "i", 31 0;
v0x14ce30ff0_0 .var "rstn", 0 0;
v0x14ce31080_0 .var "sel", 2 0;
v0x14ce31130_0 .var/i "tests", 31 0;
E_0x14ce0dc50 .event posedge, v0x14ce30730_0;
S_0x14ce07450 .scope autotask, "check_dout" "check_dout" 2 22, 2 22 0, S_0x14ce0d500;
 .timescale -9 -12;
v0x14ce18060_0 .var "expected", 7 0;
TD_sim_demux1x8.check_dout ;
    %wait E_0x14ce0dc50;
    %delay 1000, 0;
    %load/vec4 v0x14ce31130_0;
    %addi 1, 0, 32;
    %store/vec4 v0x14ce31130_0, 0, 32;
    %load/vec4 v0x14ce30d30_0;
    %load/vec4 v0x14ce18060_0;
    %cmp/ne;
    %jmp/0xz  T_0.0, 6;
    %vpi_call 2 28 "$display", "[FAIL] sel=%0b din=%0b | exp=%08b got=%08b", v0x14ce31080_0, v0x14ce30ca0_0, v0x14ce18060_0, v0x14ce30d30_0 {0 0 0};
    %load/vec4 v0x14ce30e90_0;
    %addi 1, 0, 32;
    %store/vec4 v0x14ce30e90_0, 0, 32;
    %jmp T_0.1;
T_0.0 ;
    %vpi_call 2 31 "$display", "[PASS] sel=%0b din=%0b dout=%08b", v0x14ce31080_0, v0x14ce30ca0_0, v0x14ce30d30_0 {0 0 0};
T_0.1 ;
    %end;
S_0x14ce30430 .scope module, "uut" "demux1x8" 2 13, 3 14 0, S_0x14ce0d500;
 .timescale 0 0;
    .port_info 0 /INPUT 1 "clk";
    .port_info 1 /INPUT 1 "rstn";
    .port_info 2 /INPUT 1 "en";
    .port_info 3 /INPUT 3 "sel";
    .port_info 4 /INPUT 1 "din";
    .port_info 5 /OUTPUT 8 "dout";
v0x14ce30730_0 .net "clk", 0 0, v0x14ce30bf0_0;  1 drivers
v0x14ce307d0_0 .net "din", 0 0, v0x14ce30ca0_0;  1 drivers
v0x14ce30870_0 .var "dout", 7 0;
v0x14ce30930_0 .net "en", 0 0, v0x14ce30de0_0;  1 drivers
v0x14ce309d0_0 .net "rstn", 0 0, v0x14ce30ff0_0;  1 drivers
v0x14ce30ab0_0 .net "sel", 2 0, v0x14ce31080_0;  1 drivers
E_0x14ce306f0/0 .event negedge, v0x14ce309d0_0;
E_0x14ce306f0/1 .event posedge, v0x14ce30730_0;
E_0x14ce306f0 .event/or E_0x14ce306f0/0, E_0x14ce306f0/1;
    .scope S_0x14ce30430;
T_1 ;
    %wait E_0x14ce306f0;
    %load/vec4 v0x14ce309d0_0;
    %nor/r;
    %flag_set/vec4 8;
    %jmp/0xz  T_1.0, 8;
    %pushi/vec4 0, 0, 8;
    %store/vec4 v0x14ce30870_0, 0, 8;
    %jmp T_1.1;
T_1.0 ;
    %load/vec4 v0x14ce30930_0;
    %flag_set/vec4 8;
    %jmp/0xz  T_1.2, 8;
    %load/vec4 v0x14ce30ab0_0;
    %dup/vec4;
    %pushi/vec4 0, 0, 3;
    %cmp/u;
    %jmp/1 T_1.4, 6;
    %dup/vec4;
    %pushi/vec4 1, 0, 3;
    %cmp/u;
    %jmp/1 T_1.5, 6;
    %dup/vec4;
    %pushi/vec4 2, 0, 3;
    %cmp/u;
    %jmp/1 T_1.6, 6;
    %dup/vec4;
    %pushi/vec4 3, 0, 3;
    %cmp/u;
    %jmp/1 T_1.7, 6;
    %dup/vec4;
    %pushi/vec4 4, 0, 3;
    %cmp/u;
    %jmp/1 T_1.8, 6;
    %dup/vec4;
    %pushi/vec4 5, 0, 3;
    %cmp/u;
    %jmp/1 T_1.9, 6;
    %dup/vec4;
    %pushi/vec4 6, 0, 3;
    %cmp/u;
    %jmp/1 T_1.10, 6;
    %dup/vec4;
    %pushi/vec4 7, 0, 3;
    %cmp/u;
    %jmp/1 T_1.11, 6;
    %jmp T_1.12;
T_1.4 ;
    %load/vec4 v0x14ce307d0_0;
    %ix/load 4, 0, 0;
    %flag_set/imm 4, 0;
    %store/vec4 v0x14ce30870_0, 4, 1;
    %pushi/vec4 0, 0, 7;
    %ix/load 4, 1, 0;
    %flag_set/imm 4, 0;
    %store/vec4 v0x14ce30870_0, 4, 7;
    %jmp T_1.12;
T_1.5 ;
    %load/vec4 v0x14ce307d0_0;
    %ix/load 4, 1, 0;
    %flag_set/imm 4, 0;
    %store/vec4 v0x14ce30870_0, 4, 1;
    %pushi/vec4 0, 0, 1;
    %ix/load 4, 0, 0;
    %flag_set/imm 4, 0;
    %store/vec4 v0x14ce30870_0, 4, 1;
    %pushi/vec4 0, 0, 6;
    %ix/load 4, 2, 0;
    %flag_set/imm 4, 0;
    %store/vec4 v0x14ce30870_0, 4, 6;
    %jmp T_1.12;
T_1.6 ;
    %load/vec4 v0x14ce307d0_0;
    %ix/load 4, 2, 0;
    %flag_set/imm 4, 0;
    %store/vec4 v0x14ce30870_0, 4, 1;
    %pushi/vec4 0, 0, 2;
    %ix/load 4, 0, 0;
    %flag_set/imm 4, 0;
    %store/vec4 v0x14ce30870_0, 4, 2;
    %pushi/vec4 0, 0, 5;
    %ix/load 4, 3, 0;
    %flag_set/imm 4, 0;
    %store/vec4 v0x14ce30870_0, 4, 5;
    %jmp T_1.12;
T_1.7 ;
    %load/vec4 v0x14ce307d0_0;
    %ix/load 4, 3, 0;
    %flag_set/imm 4, 0;
    %store/vec4 v0x14ce30870_0, 4, 1;
    %pushi/vec4 0, 0, 3;
    %ix/load 4, 0, 0;
    %flag_set/imm 4, 0;
    %store/vec4 v0x14ce30870_0, 4, 3;
    %pushi/vec4 0, 0, 4;
    %ix/load 4, 4, 0;
    %flag_set/imm 4, 0;
    %store/vec4 v0x14ce30870_0, 4, 4;
    %jmp T_1.12;
T_1.8 ;
    %load/vec4 v0x14ce307d0_0;
    %ix/load 4, 4, 0;
    %flag_set/imm 4, 0;
    %store/vec4 v0x14ce30870_0, 4, 1;
    %pushi/vec4 0, 0, 4;
    %ix/load 4, 0, 0;
    %flag_set/imm 4, 0;
    %store/vec4 v0x14ce30870_0, 4, 4;
    %pushi/vec4 0, 0, 3;
    %ix/load 4, 5, 0;
    %flag_set/imm 4, 0;
    %store/vec4 v0x14ce30870_0, 4, 3;
    %jmp T_1.12;
T_1.9 ;
    %load/vec4 v0x14ce307d0_0;
    %ix/load 4, 5, 0;
    %flag_set/imm 4, 0;
    %store/vec4 v0x14ce30870_0, 4, 1;
    %pushi/vec4 0, 0, 5;
    %ix/load 4, 0, 0;
    %flag_set/imm 4, 0;
    %store/vec4 v0x14ce30870_0, 4, 5;
    %pushi/vec4 0, 0, 2;
    %ix/load 4, 6, 0;
    %flag_set/imm 4, 0;
    %store/vec4 v0x14ce30870_0, 4, 2;
    %jmp T_1.12;
T_1.10 ;
    %load/vec4 v0x14ce307d0_0;
    %ix/load 4, 6, 0;
    %flag_set/imm 4, 0;
    %store/vec4 v0x14ce30870_0, 4, 1;
    %pushi/vec4 0, 0, 6;
    %ix/load 4, 0, 0;
    %flag_set/imm 4, 0;
    %store/vec4 v0x14ce30870_0, 4, 6;
    %pushi/vec4 0, 0, 1;
    %ix/load 4, 7, 0;
    %flag_set/imm 4, 0;
    %store/vec4 v0x14ce30870_0, 4, 1;
    %jmp T_1.12;
T_1.11 ;
    %load/vec4 v0x14ce307d0_0;
    %ix/load 4, 7, 0;
    %flag_set/imm 4, 0;
    %store/vec4 v0x14ce30870_0, 4, 1;
    %pushi/vec4 0, 0, 7;
    %ix/load 4, 0, 0;
    %flag_set/imm 4, 0;
    %store/vec4 v0x14ce30870_0, 4, 7;
    %jmp T_1.12;
T_1.12 ;
    %pop/vec4 1;
T_1.2 ;
T_1.1 ;
    %jmp T_1;
    .thread T_1;
    .scope S_0x14ce0d500;
T_2 ;
    %pushi/vec4 0, 0, 1;
    %store/vec4 v0x14ce30bf0_0, 0, 1;
    %end;
    .thread T_2;
    .scope S_0x14ce0d500;
T_3 ;
    %delay 5000, 0;
    %load/vec4 v0x14ce30bf0_0;
    %inv;
    %store/vec4 v0x14ce30bf0_0, 0, 1;
    %jmp T_3;
    .thread T_3;
    .scope S_0x14ce0d500;
T_4 ;
    %pushi/vec4 0, 0, 32;
    %store/vec4 v0x14ce30e90_0, 0, 32;
    %pushi/vec4 0, 0, 32;
    %store/vec4 v0x14ce31130_0, 0, 32;
    %pushi/vec4 0, 0, 1;
    %store/vec4 v0x14ce30ff0_0, 0, 1;
    %pushi/vec4 0, 0, 1;
    %store/vec4 v0x14ce30de0_0, 0, 1;
    %pushi/vec4 0, 0, 1;
    %store/vec4 v0x14ce30ca0_0, 0, 1;
    %pushi/vec4 0, 0, 3;
    %store/vec4 v0x14ce31080_0, 0, 3;
    %vpi_call 2 38 "$display", "=== demux1x8 testbench ===" {0 0 0};
    %delay 12000, 0;
    %pushi/vec4 1, 0, 1;
    %store/vec4 v0x14ce30ff0_0, 0, 1;
    %pushi/vec4 1, 0, 1;
    %store/vec4 v0x14ce30de0_0, 0, 1;
    %pushi/vec4 0, 0, 32;
    %store/vec4 v0x14ce30f60_0, 0, 32;
T_4.0 ; Top of for-loop
    %load/vec4 v0x14ce30f60_0;
    %cmpi/s 8, 0, 32;
	  %jmp/0xz T_4.1, 5;
    %load/vec4 v0x14ce30f60_0;
    %parti/s 3, 0, 2;
    %store/vec4 v0x14ce31080_0, 0, 3;
    %pushi/vec4 1, 0, 1;
    %store/vec4 v0x14ce30ca0_0, 0, 1;
    %alloc S_0x14ce07450;
    %pushi/vec4 1, 0, 8;
    %load/vec4 v0x14ce30f60_0;
    %ix/vec4 4;
    %shiftl 4;
    %store/vec4 v0x14ce18060_0, 0, 8;
    %fork TD_sim_demux1x8.check_dout, S_0x14ce07450;
    %join;
    %free S_0x14ce07450;
T_4.2 ; for-loop step statement
    %load/vec4 v0x14ce30f60_0;
    %addi 1, 0, 32;
    %store/vec4 v0x14ce30f60_0, 0, 32;
    %jmp T_4.0;
T_4.1 ; for-loop exit label
    %pushi/vec4 3, 0, 3;
    %store/vec4 v0x14ce31080_0, 0, 3;
    %pushi/vec4 0, 0, 1;
    %store/vec4 v0x14ce30ca0_0, 0, 1;
    %alloc S_0x14ce07450;
    %pushi/vec4 0, 0, 8;
    %store/vec4 v0x14ce18060_0, 0, 8;
    %fork TD_sim_demux1x8.check_dout, S_0x14ce07450;
    %join;
    %free S_0x14ce07450;
    %pushi/vec4 5, 0, 3;
    %store/vec4 v0x14ce31080_0, 0, 3;
    %pushi/vec4 0, 0, 1;
    %store/vec4 v0x14ce30ca0_0, 0, 1;
    %alloc S_0x14ce07450;
    %pushi/vec4 0, 0, 8;
    %store/vec4 v0x14ce18060_0, 0, 8;
    %fork TD_sim_demux1x8.check_dout, S_0x14ce07450;
    %join;
    %free S_0x14ce07450;
    %pushi/vec4 0, 0, 1;
    %store/vec4 v0x14ce30de0_0, 0, 1;
    %pushi/vec4 0, 0, 3;
    %store/vec4 v0x14ce31080_0, 0, 3;
    %pushi/vec4 1, 0, 1;
    %store/vec4 v0x14ce30ca0_0, 0, 1;
    %wait E_0x14ce0dc50;
    %delay 1000, 0;
    %load/vec4 v0x14ce31130_0;
    %addi 1, 0, 32;
    %store/vec4 v0x14ce31130_0, 0, 32;
    %load/vec4 v0x14ce30d30_0;
    %cmpi/ne 0, 0, 8;
    %jmp/0xz  T_4.3, 6;
    %vpi_call 2 57 "$display", "[FAIL] en=0: output changed to %08b", v0x14ce30d30_0 {0 0 0};
    %load/vec4 v0x14ce30e90_0;
    %addi 1, 0, 32;
    %store/vec4 v0x14ce30e90_0, 0, 32;
    %jmp T_4.4;
T_4.3 ;
    %vpi_call 2 60 "$display", "[PASS] en=0: dout held at %08b", v0x14ce30d30_0 {0 0 0};
T_4.4 ;
    %pushi/vec4 1, 0, 1;
    %store/vec4 v0x14ce30de0_0, 0, 1;
    %pushi/vec4 0, 0, 1;
    %store/vec4 v0x14ce30ff0_0, 0, 1;
    %delay 2000, 0;
    %load/vec4 v0x14ce31130_0;
    %addi 1, 0, 32;
    %store/vec4 v0x14ce31130_0, 0, 32;
    %load/vec4 v0x14ce30d30_0;
    %cmpi/ne 0, 0, 8;
    %jmp/0xz  T_4.5, 6;
    %vpi_call 2 67 "$display", "[FAIL] async reset: got %08b", v0x14ce30d30_0 {0 0 0};
    %load/vec4 v0x14ce30e90_0;
    %addi 1, 0, 32;
    %store/vec4 v0x14ce30e90_0, 0, 32;
    %jmp T_4.6;
T_4.5 ;
    %vpi_call 2 70 "$display", "[PASS] async reset: dout=0x00" {0 0 0};
T_4.6 ;
    %pushi/vec4 1, 0, 1;
    %store/vec4 v0x14ce30ff0_0, 0, 1;
    %delay 20000, 0;
    %vpi_call 2 74 "$display", "=========================================" {0 0 0};
    %vpi_call 2 75 "$display", "  demux1x8 | %0d tests | %0d error(s)", v0x14ce31130_0, v0x14ce30e90_0 {0 0 0};
    %load/vec4 v0x14ce30e90_0;
    %cmpi/e 0, 0, 32;
    %jmp/0xz  T_4.7, 4;
    %vpi_call 2 76 "$display", "  ALL TESTS PASSED" {0 0 0};
    %jmp T_4.8;
T_4.7 ;
    %vpi_call 2 77 "$display", "  SIMULATION FAILED" {0 0 0};
T_4.8 ;
    %vpi_call 2 78 "$display", "=========================================" {0 0 0};
    %vpi_call 2 79 "$finish" {0 0 0};
    %end;
    .thread T_4;
    .scope S_0x14ce0d500;
T_5 ;
    %vpi_call 2 83 "$dumpfile", "sim/demux1x8/sim.vcd" {0 0 0};
    %vpi_call 2 84 "$dumpvars", 32'sb00000000000000000000000000000000, S_0x14ce0d500 {0 0 0};
    %end;
    .thread T_5;
# The file index is used to find the file name in the following table.
:file_names 4;
    "N/A";
    "<interactive>";
    "sim/demux1x8/sim_demux1x8.v";
    "rtl/1x8demux.v";
