#! /opt/homebrew/Cellar/icarus-verilog/13.0/bin/vvp
:ivl_version "13.0 (stable)" "(v13_0)";
:ivl_delay_selection "TYPICAL";
:vpi_time_precision - 12;
:vpi_module "/opt/homebrew/Cellar/icarus-verilog/13.0/lib/ivl/system.vpi";
:vpi_module "/opt/homebrew/Cellar/icarus-verilog/13.0/lib/ivl/vhdl_sys.vpi";
:vpi_module "/opt/homebrew/Cellar/icarus-verilog/13.0/lib/ivl/vhdl_textio.vpi";
:vpi_module "/opt/homebrew/Cellar/icarus-verilog/13.0/lib/ivl/v2005_math.vpi";
:vpi_module "/opt/homebrew/Cellar/icarus-verilog/13.0/lib/ivl/va_math.vpi";
S_0x13ce1e2b0 .scope module, "sim_decoder2x4" "sim_decoder2x4" 2 2;
 .timescale -9 -12;
v0x13cf07b40_0 .var "clk", 0 0;
v0x13cf07bf0_0 .var "din", 1 0;
v0x13cf07c80_0 .net "dout", 3 0, v0x13cf07880_0;  1 drivers
v0x13cf07d50_0 .var "en", 0 0;
v0x13cf07e00_0 .var/i "errors", 31 0;
v0x13cf07ed0 .array "expected_map", 3 0, 3 0;
v0x13cf07f60_0 .var/i "i", 31 0;
v0x13cf07ff0_0 .var/i "ones", 31 0;
v0x13cf080a0_0 .var "rstn", 0 0;
v0x13cf081b0_0 .var/i "tests", 31 0;
E_0x13ce1df10 .event posedge, v0x13cf07720_0;
S_0x13ce099d0 .scope autotask, "check_dout" "check_dout" 2 23, 2 23 0, S_0x13ce1e2b0;
 .timescale -9 -12;
v0x13ce15fe0_0 .var "expected", 3 0;
TD_sim_decoder2x4.check_dout ;
    %wait E_0x13ce1df10;
    %delay 1000, 0;
    %load/vec4 v0x13cf081b0_0;
    %addi 1, 0, 32;
    %store/vec4 v0x13cf081b0_0, 0, 32;
    %load/vec4 v0x13cf07c80_0;
    %load/vec4 v0x13ce15fe0_0;
    %cmp/ne;
    %jmp/0xz  T_0.0, 6;
    %vpi_call 2 29 "$display", "[FAIL] din=%02b | exp=%04b got=%04b", v0x13cf07bf0_0, v0x13ce15fe0_0, v0x13cf07c80_0 {0 0 0};
    %load/vec4 v0x13cf07e00_0;
    %addi 1, 0, 32;
    %store/vec4 v0x13cf07e00_0, 0, 32;
    %jmp T_0.1;
T_0.0 ;
    %vpi_call 2 32 "$display", "[PASS] din=%02b dout=%04b", v0x13cf07bf0_0, v0x13cf07c80_0 {0 0 0};
T_0.1 ;
    %end;
S_0x13cf07420 .scope module, "uut" "decoder2x4" 2 15, 3 13 0, S_0x13ce1e2b0;
 .timescale 0 0;
    .port_info 0 /INPUT 1 "clk";
    .port_info 1 /INPUT 1 "rstn";
    .port_info 2 /INPUT 1 "en";
    .port_info 3 /INPUT 2 "din";
    .port_info 4 /OUTPUT 4 "dout";
v0x13cf07720_0 .net "clk", 0 0, v0x13cf07b40_0;  1 drivers
v0x13cf077d0_0 .net "din", 1 0, v0x13cf07bf0_0;  1 drivers
v0x13cf07880_0 .var "dout", 3 0;
v0x13cf07940_0 .net "en", 0 0, v0x13cf07d50_0;  1 drivers
v0x13cf079e0_0 .net "rstn", 0 0, v0x13cf080a0_0;  1 drivers
E_0x13cf076c0/0 .event negedge, v0x13cf079e0_0;
E_0x13cf076c0/1 .event posedge, v0x13cf07720_0;
E_0x13cf076c0 .event/or E_0x13cf076c0/0, E_0x13cf076c0/1;
    .scope S_0x13cf07420;
T_1 ;
    %wait E_0x13cf076c0;
    %load/vec4 v0x13cf079e0_0;
    %nor/r;
    %flag_set/vec4 8;
    %jmp/0xz  T_1.0, 8;
    %pushi/vec4 0, 0, 4;
    %store/vec4 v0x13cf07880_0, 0, 4;
    %jmp T_1.1;
T_1.0 ;
    %load/vec4 v0x13cf07940_0;
    %flag_set/vec4 8;
    %jmp/0xz  T_1.2, 8;
    %load/vec4 v0x13cf077d0_0;
    %dup/vec4;
    %pushi/vec4 0, 0, 2;
    %cmp/u;
    %jmp/1 T_1.4, 6;
    %dup/vec4;
    %pushi/vec4 1, 0, 2;
    %cmp/u;
    %jmp/1 T_1.5, 6;
    %dup/vec4;
    %pushi/vec4 2, 0, 2;
    %cmp/u;
    %jmp/1 T_1.6, 6;
    %dup/vec4;
    %pushi/vec4 3, 0, 2;
    %cmp/u;
    %jmp/1 T_1.7, 6;
    %pushi/vec4 0, 0, 4;
    %store/vec4 v0x13cf07880_0, 0, 4;
    %jmp T_1.9;
T_1.4 ;
    %pushi/vec4 1, 0, 4;
    %store/vec4 v0x13cf07880_0, 0, 4;
    %jmp T_1.9;
T_1.5 ;
    %pushi/vec4 2, 0, 4;
    %store/vec4 v0x13cf07880_0, 0, 4;
    %jmp T_1.9;
T_1.6 ;
    %pushi/vec4 4, 0, 4;
    %store/vec4 v0x13cf07880_0, 0, 4;
    %jmp T_1.9;
T_1.7 ;
    %pushi/vec4 8, 0, 4;
    %store/vec4 v0x13cf07880_0, 0, 4;
    %jmp T_1.9;
T_1.9 ;
    %pop/vec4 1;
T_1.2 ;
T_1.1 ;
    %jmp T_1;
    .thread T_1;
    .scope S_0x13ce1e2b0;
T_2 ;
    %pushi/vec4 0, 0, 1;
    %store/vec4 v0x13cf07b40_0, 0, 1;
    %end;
    .thread T_2;
    .scope S_0x13ce1e2b0;
T_3 ;
    %delay 5000, 0;
    %load/vec4 v0x13cf07b40_0;
    %inv;
    %store/vec4 v0x13cf07b40_0, 0, 1;
    %jmp T_3;
    .thread T_3;
    .scope S_0x13ce1e2b0;
T_4 ;
    %pushi/vec4 1, 0, 4;
    %ix/load 4, 0, 0;
    %flag_set/imm 4, 0;
    %store/vec4a v0x13cf07ed0, 4, 0;
    %pushi/vec4 2, 0, 4;
    %ix/load 4, 1, 0;
    %flag_set/imm 4, 0;
    %store/vec4a v0x13cf07ed0, 4, 0;
    %pushi/vec4 4, 0, 4;
    %ix/load 4, 2, 0;
    %flag_set/imm 4, 0;
    %store/vec4a v0x13cf07ed0, 4, 0;
    %pushi/vec4 8, 0, 4;
    %ix/load 4, 3, 0;
    %flag_set/imm 4, 0;
    %store/vec4a v0x13cf07ed0, 4, 0;
    %pushi/vec4 0, 0, 32;
    %store/vec4 v0x13cf07e00_0, 0, 32;
    %pushi/vec4 0, 0, 32;
    %store/vec4 v0x13cf081b0_0, 0, 32;
    %pushi/vec4 0, 0, 1;
    %store/vec4 v0x13cf080a0_0, 0, 1;
    %pushi/vec4 0, 0, 1;
    %store/vec4 v0x13cf07d50_0, 0, 1;
    %pushi/vec4 0, 0, 2;
    %store/vec4 v0x13cf07bf0_0, 0, 2;
    %vpi_call 2 44 "$display", "=== decoder2x4 testbench ===" {0 0 0};
    %delay 12000, 0;
    %pushi/vec4 1, 0, 1;
    %store/vec4 v0x13cf080a0_0, 0, 1;
    %pushi/vec4 1, 0, 1;
    %store/vec4 v0x13cf07d50_0, 0, 1;
    %pushi/vec4 0, 0, 32;
    %store/vec4 v0x13cf07f60_0, 0, 32;
T_4.0 ; Top of for-loop
    %load/vec4 v0x13cf07f60_0;
    %cmpi/s 4, 0, 32;
	  %jmp/0xz T_4.1, 5;
    %load/vec4 v0x13cf07f60_0;
    %parti/s 2, 0, 2;
    %store/vec4 v0x13cf07bf0_0, 0, 2;
    %alloc S_0x13ce099d0;
    %ix/getv/s 4, v0x13cf07f60_0;
    %load/vec4a v0x13cf07ed0, 4;
    %store/vec4 v0x13ce15fe0_0, 0, 4;
    %fork TD_sim_decoder2x4.check_dout, S_0x13ce099d0;
    %join;
    %free S_0x13ce099d0;
T_4.2 ; for-loop step statement
    %load/vec4 v0x13cf07f60_0;
    %addi 1, 0, 32;
    %store/vec4 v0x13cf07f60_0, 0, 32;
    %jmp T_4.0;
T_4.1 ; for-loop exit label
    %pushi/vec4 0, 0, 32;
    %store/vec4 v0x13cf07f60_0, 0, 32;
T_4.3 ; Top of for-loop
    %load/vec4 v0x13cf07f60_0;
    %cmpi/s 4, 0, 32;
	  %jmp/0xz T_4.4, 5;
    %load/vec4 v0x13cf07f60_0;
    %parti/s 2, 0, 2;
    %store/vec4 v0x13cf07bf0_0, 0, 2;
    %wait E_0x13ce1df10;
    %delay 1000, 0;
    %load/vec4 v0x13cf07c80_0;
    %parti/s 1, 0, 2;
    %pad/u 32;
    %load/vec4 v0x13cf07c80_0;
    %parti/s 1, 1, 2;
    %pad/u 32;
    %add;
    %load/vec4 v0x13cf07c80_0;
    %parti/s 1, 2, 3;
    %pad/u 32;
    %add;
    %load/vec4 v0x13cf07c80_0;
    %parti/s 1, 3, 3;
    %pad/u 32;
    %add;
    %store/vec4 v0x13cf07ff0_0, 0, 32;
    %load/vec4 v0x13cf081b0_0;
    %addi 1, 0, 32;
    %store/vec4 v0x13cf081b0_0, 0, 32;
    %load/vec4 v0x13cf07ff0_0;
    %cmpi/ne 1, 0, 32;
    %jmp/0xz  T_4.6, 6;
    %vpi_call 2 60 "$display", "[FAIL] one-hot: din=%02b dout=%04b has %0d bits set", v0x13cf07bf0_0, v0x13cf07c80_0, v0x13cf07ff0_0 {0 0 0};
    %load/vec4 v0x13cf07e00_0;
    %addi 1, 0, 32;
    %store/vec4 v0x13cf07e00_0, 0, 32;
    %jmp T_4.7;
T_4.6 ;
    %vpi_call 2 63 "$display", "[PASS] one-hot OK: din=%02b dout=%04b", v0x13cf07bf0_0, v0x13cf07c80_0 {0 0 0};
T_4.7 ;
T_4.5 ; for-loop step statement
    %load/vec4 v0x13cf07f60_0;
    %addi 1, 0, 32;
    %store/vec4 v0x13cf07f60_0, 0, 32;
    %jmp T_4.3;
T_4.4 ; for-loop exit label
    %pushi/vec4 0, 0, 1;
    %store/vec4 v0x13cf080a0_0, 0, 1;
    %delay 2000, 0;
    %load/vec4 v0x13cf081b0_0;
    %addi 1, 0, 32;
    %store/vec4 v0x13cf081b0_0, 0, 32;
    %load/vec4 v0x13cf07c80_0;
    %cmpi/ne 0, 0, 4;
    %jmp/0xz  T_4.8, 6;
    %vpi_call 2 70 "$display", "[FAIL] async reset: got %04b", v0x13cf07c80_0 {0 0 0};
    %load/vec4 v0x13cf07e00_0;
    %addi 1, 0, 32;
    %store/vec4 v0x13cf07e00_0, 0, 32;
    %jmp T_4.9;
T_4.8 ;
    %vpi_call 2 73 "$display", "[PASS] async reset: dout=0000" {0 0 0};
T_4.9 ;
    %pushi/vec4 1, 0, 1;
    %store/vec4 v0x13cf080a0_0, 0, 1;
    %pushi/vec4 0, 0, 1;
    %store/vec4 v0x13cf07d50_0, 0, 1;
    %pushi/vec4 2, 0, 2;
    %store/vec4 v0x13cf07bf0_0, 0, 2;
    %wait E_0x13ce1df10;
    %delay 1000, 0;
    %load/vec4 v0x13cf081b0_0;
    %addi 1, 0, 32;
    %store/vec4 v0x13cf081b0_0, 0, 32;
    %load/vec4 v0x13cf07c80_0;
    %cmpi/ne 0, 0, 4;
    %jmp/0xz  T_4.10, 6;
    %vpi_call 2 81 "$display", "[FAIL] en=0: expected hold 0000 got %04b", v0x13cf07c80_0 {0 0 0};
    %load/vec4 v0x13cf07e00_0;
    %addi 1, 0, 32;
    %store/vec4 v0x13cf07e00_0, 0, 32;
    %jmp T_4.11;
T_4.10 ;
    %vpi_call 2 84 "$display", "[PASS] en=0: dout held at 0000" {0 0 0};
T_4.11 ;
    %pushi/vec4 1, 0, 1;
    %store/vec4 v0x13cf07d50_0, 0, 1;
    %delay 20000, 0;
    %vpi_call 2 88 "$display", "=========================================" {0 0 0};
    %vpi_call 2 89 "$display", "  decoder2x4 | %0d tests | %0d error(s)", v0x13cf081b0_0, v0x13cf07e00_0 {0 0 0};
    %load/vec4 v0x13cf07e00_0;
    %cmpi/e 0, 0, 32;
    %jmp/0xz  T_4.12, 4;
    %vpi_call 2 90 "$display", "  ALL TESTS PASSED" {0 0 0};
    %jmp T_4.13;
T_4.12 ;
    %vpi_call 2 91 "$display", "  SIMULATION FAILED" {0 0 0};
T_4.13 ;
    %vpi_call 2 92 "$display", "=========================================" {0 0 0};
    %vpi_call 2 93 "$finish" {0 0 0};
    %end;
    .thread T_4;
    .scope S_0x13ce1e2b0;
T_5 ;
    %vpi_call 2 97 "$dumpfile", "sim/decoder2x4/sim.vcd" {0 0 0};
    %vpi_call 2 98 "$dumpvars", 32'sb00000000000000000000000000000000, S_0x13ce1e2b0 {0 0 0};
    %end;
    .thread T_5;
# The file index is used to find the file name in the following table.
:file_names 4;
    "N/A";
    "<interactive>";
    "sim/decoder2x4/sim_decoder2x4.v";
    "rtl/decoder2x4.v";
