#! /opt/homebrew/Cellar/icarus-verilog/13.0/bin/vvp
:ivl_version "13.0 (stable)" "(v13_0)";
:ivl_delay_selection "TYPICAL";
:vpi_time_precision - 12;
:vpi_module "/opt/homebrew/Cellar/icarus-verilog/13.0/lib/ivl/system.vpi";
:vpi_module "/opt/homebrew/Cellar/icarus-verilog/13.0/lib/ivl/vhdl_sys.vpi";
:vpi_module "/opt/homebrew/Cellar/icarus-verilog/13.0/lib/ivl/vhdl_textio.vpi";
:vpi_module "/opt/homebrew/Cellar/icarus-verilog/13.0/lib/ivl/v2005_math.vpi";
:vpi_module "/opt/homebrew/Cellar/icarus-verilog/13.0/lib/ivl/va_math.vpi";
S_0x14c715d40 .scope module, "sim_adder32" "sim_adder32" 2 2;
 .timescale -9 -12;
v0x14c72c0d0_0 .net "adder_out", 31 0, L_0x14c72c740;  1 drivers
v0x14c72c180_0 .net "carry_out", 0 0, L_0x14c72c7e0;  1 drivers
v0x14c72c210_0 .var "clk", 0 0;
v0x14c72c2c0_0 .var "en", 0 0;
v0x14c72c370_0 .var/i "errors", 31 0;
v0x14c72c440_0 .var "op_a", 31 0;
v0x14c72c4d0_0 .var "op_b", 31 0;
v0x14c72c580_0 .var "reset_n", 0 0;
v0x14c72c630_0 .var/i "tests", 31 0;
E_0x14c7089d0 .event posedge, v0x14c72bca0_0;
S_0x14c7079e0 .scope autotask, "check_adder" "check_adder" 2 24, 2 24 0, S_0x14c715d40;
 .timescale -9 -12;
v0x14c7146a0_0 .var "ref", 32 0;
TD_sim_adder32.check_adder ;
    %wait E_0x14c7089d0;
    %delay 1000, 0;
    %pushi/vec4 0, 0, 1;
    %load/vec4 v0x14c72c440_0;
    %concat/vec4; draw_concat_vec4
    %pushi/vec4 0, 0, 1;
    %load/vec4 v0x14c72c4d0_0;
    %concat/vec4; draw_concat_vec4
    %add;
    %store/vec4 v0x14c7146a0_0, 0, 33;
    %load/vec4 v0x14c72c630_0;
    %addi 1, 0, 32;
    %store/vec4 v0x14c72c630_0, 0, 32;
    %load/vec4 v0x14c72c180_0;
    %load/vec4 v0x14c72c0d0_0;
    %concat/vec4; draw_concat_vec4
    %load/vec4 v0x14c7146a0_0;
    %cmp/ne;
    %jmp/0xz  T_0.0, 6;
    %vpi_call 2 31 "$display", "[FAIL] %08h + %08h | exp carry=%b sum=%08h | got carry=%b sum=%08h", v0x14c72c440_0, v0x14c72c4d0_0, &PV<v0x14c7146a0_0, 32, 1>, &PV<v0x14c7146a0_0, 0, 32>, v0x14c72c180_0, v0x14c72c0d0_0 {0 0 0};
    %load/vec4 v0x14c72c370_0;
    %addi 1, 0, 32;
    %store/vec4 v0x14c72c370_0, 0, 32;
    %jmp T_0.1;
T_0.0 ;
    %vpi_call 2 35 "$display", "[PASS] %08h + %08h = carry=%b %08h", v0x14c72c440_0, v0x14c72c4d0_0, v0x14c72c180_0, v0x14c72c0d0_0 {0 0 0};
T_0.1 ;
    %end;
S_0x14c72b760 .scope module, "uut" "adder" 2 14, 3 8 0, S_0x14c715d40;
 .timescale 0 0;
    .port_info 0 /INPUT 1 "clk";
    .port_info 1 /INPUT 1 "reset_n";
    .port_info 2 /INPUT 1 "en";
    .port_info 3 /INPUT 32 "op_a";
    .port_info 4 /INPUT 32 "op_b";
    .port_info 5 /OUTPUT 32 "adder_out";
    .port_info 6 /OUTPUT 1 "carry_out";
v0x14c72ba90_0 .net "adder_out", 31 0, L_0x14c72c740;  alias, 1 drivers
v0x14c72bb40_0 .var "adder_reg", 32 0;
v0x14c72bbf0_0 .net "carry_out", 0 0, L_0x14c72c7e0;  alias, 1 drivers
v0x14c72bca0_0 .net "clk", 0 0, v0x14c72c210_0;  1 drivers
v0x14c72bd40_0 .net "en", 0 0, v0x14c72c2c0_0;  1 drivers
v0x14c72be20_0 .net "op_a", 31 0, v0x14c72c440_0;  1 drivers
v0x14c72bed0_0 .net "op_b", 31 0, v0x14c72c4d0_0;  1 drivers
v0x14c72bf80_0 .net "reset_n", 0 0, v0x14c72c580_0;  1 drivers
E_0x14c72ba50/0 .event negedge, v0x14c72bf80_0;
E_0x14c72ba50/1 .event posedge, v0x14c72bca0_0;
E_0x14c72ba50 .event/or E_0x14c72ba50/0, E_0x14c72ba50/1;
L_0x14c72c740 .part v0x14c72bb40_0, 0, 32;
L_0x14c72c7e0 .part v0x14c72bb40_0, 32, 1;
    .scope S_0x14c72b760;
T_1 ;
    %wait E_0x14c72ba50;
    %load/vec4 v0x14c72bf80_0;
    %nor/r;
    %flag_set/vec4 8;
    %jmp/0xz  T_1.0, 8;
    %pushi/vec4 0, 0, 33;
    %assign/vec4 v0x14c72bb40_0, 0;
    %jmp T_1.1;
T_1.0 ;
    %load/vec4 v0x14c72bd40_0;
    %flag_set/vec4 8;
    %jmp/0xz  T_1.2, 8;
    %load/vec4 v0x14c72be20_0;
    %pad/u 33;
    %load/vec4 v0x14c72bed0_0;
    %pad/u 33;
    %add;
    %assign/vec4 v0x14c72bb40_0, 0;
T_1.2 ;
T_1.1 ;
    %jmp T_1;
    .thread T_1;
    .scope S_0x14c715d40;
T_2 ;
    %pushi/vec4 0, 0, 1;
    %store/vec4 v0x14c72c210_0, 0, 1;
    %end;
    .thread T_2;
    .scope S_0x14c715d40;
T_3 ;
    %delay 5000, 0;
    %load/vec4 v0x14c72c210_0;
    %inv;
    %store/vec4 v0x14c72c210_0, 0, 1;
    %jmp T_3;
    .thread T_3;
    .scope S_0x14c715d40;
T_4 ;
    %pushi/vec4 0, 0, 32;
    %store/vec4 v0x14c72c370_0, 0, 32;
    %pushi/vec4 0, 0, 32;
    %store/vec4 v0x14c72c630_0, 0, 32;
    %pushi/vec4 0, 0, 1;
    %store/vec4 v0x14c72c580_0, 0, 1;
    %pushi/vec4 0, 0, 1;
    %store/vec4 v0x14c72c2c0_0, 0, 1;
    %pushi/vec4 0, 0, 32;
    %store/vec4 v0x14c72c440_0, 0, 32;
    %pushi/vec4 0, 0, 32;
    %store/vec4 v0x14c72c4d0_0, 0, 32;
    %vpi_call 2 42 "$display", "=== adder32 testbench ===" {0 0 0};
    %delay 12000, 0;
    %pushi/vec4 1, 0, 1;
    %store/vec4 v0x14c72c580_0, 0, 1;
    %pushi/vec4 1, 0, 1;
    %store/vec4 v0x14c72c2c0_0, 0, 1;
    %pushi/vec4 2863311530, 0, 32;
    %store/vec4 v0x14c72c440_0, 0, 32;
    %pushi/vec4 4008636142, 0, 32;
    %store/vec4 v0x14c72c4d0_0, 0, 32;
    %alloc S_0x14c7079e0;
    %fork TD_sim_adder32.check_adder, S_0x14c7079e0;
    %join;
    %free S_0x14c7079e0;
    %pushi/vec4 125269879, 0, 32;
    %store/vec4 v0x14c72c440_0, 0, 32;
    %pushi/vec4 38101793, 0, 32;
    %store/vec4 v0x14c72c4d0_0, 0, 32;
    %alloc S_0x14c7079e0;
    %fork TD_sim_adder32.check_adder, S_0x14c7079e0;
    %join;
    %free S_0x14c7079e0;
    %pushi/vec4 3435973836, 0, 32;
    %store/vec4 v0x14c72c440_0, 0, 32;
    %pushi/vec4 196852667, 0, 32;
    %store/vec4 v0x14c72c4d0_0, 0, 32;
    %alloc S_0x14c7079e0;
    %fork TD_sim_adder32.check_adder, S_0x14c7079e0;
    %join;
    %free S_0x14c7079e0;
    %pushi/vec4 286331153, 0, 32;
    %store/vec4 v0x14c72c440_0, 0, 32;
    %pushi/vec4 286331153, 0, 32;
    %store/vec4 v0x14c72c4d0_0, 0, 32;
    %alloc S_0x14c7079e0;
    %fork TD_sim_adder32.check_adder, S_0x14c7079e0;
    %join;
    %free S_0x14c7079e0;
    %pushi/vec4 0, 0, 32;
    %store/vec4 v0x14c72c440_0, 0, 32;
    %pushi/vec4 0, 0, 32;
    %store/vec4 v0x14c72c4d0_0, 0, 32;
    %alloc S_0x14c7079e0;
    %fork TD_sim_adder32.check_adder, S_0x14c7079e0;
    %join;
    %free S_0x14c7079e0;
    %pushi/vec4 4294967295, 0, 32;
    %store/vec4 v0x14c72c440_0, 0, 32;
    %pushi/vec4 1, 0, 32;
    %store/vec4 v0x14c72c4d0_0, 0, 32;
    %alloc S_0x14c7079e0;
    %fork TD_sim_adder32.check_adder, S_0x14c7079e0;
    %join;
    %free S_0x14c7079e0;
    %pushi/vec4 4294967295, 0, 32;
    %store/vec4 v0x14c72c440_0, 0, 32;
    %pushi/vec4 4294967295, 0, 32;
    %store/vec4 v0x14c72c4d0_0, 0, 32;
    %alloc S_0x14c7079e0;
    %fork TD_sim_adder32.check_adder, S_0x14c7079e0;
    %join;
    %free S_0x14c7079e0;
    %pushi/vec4 305419896, 0, 32;
    %store/vec4 v0x14c72c440_0, 0, 32;
    %pushi/vec4 2271560481, 0, 32;
    %store/vec4 v0x14c72c4d0_0, 0, 32;
    %alloc S_0x14c7079e0;
    %fork TD_sim_adder32.check_adder, S_0x14c7079e0;
    %join;
    %free S_0x14c7079e0;
    %pushi/vec4 0, 0, 1;
    %store/vec4 v0x14c72c580_0, 0, 1;
    %delay 2000, 0;
    %load/vec4 v0x14c72c630_0;
    %addi 1, 0, 32;
    %store/vec4 v0x14c72c630_0, 0, 32;
    %load/vec4 v0x14c72c180_0;
    %load/vec4 v0x14c72c0d0_0;
    %concat/vec4; draw_concat_vec4
    %cmpi/ne 0, 0, 33;
    %jmp/0xz  T_4.0, 6;
    %vpi_call 2 58 "$display", "[FAIL] async reset: carry=%b sum=%08h", v0x14c72c180_0, v0x14c72c0d0_0 {0 0 0};
    %load/vec4 v0x14c72c370_0;
    %addi 1, 0, 32;
    %store/vec4 v0x14c72c370_0, 0, 32;
    %jmp T_4.1;
T_4.0 ;
    %vpi_call 2 61 "$display", "[PASS] async reset: carry=0 sum=0" {0 0 0};
T_4.1 ;
    %pushi/vec4 1, 0, 1;
    %store/vec4 v0x14c72c580_0, 0, 1;
    %pushi/vec4 0, 0, 1;
    %store/vec4 v0x14c72c2c0_0, 0, 1;
    %pushi/vec4 3735928559, 0, 32;
    %store/vec4 v0x14c72c440_0, 0, 32;
    %pushi/vec4 3405691582, 0, 32;
    %store/vec4 v0x14c72c4d0_0, 0, 32;
    %wait E_0x14c7089d0;
    %delay 1000, 0;
    %load/vec4 v0x14c72c630_0;
    %addi 1, 0, 32;
    %store/vec4 v0x14c72c630_0, 0, 32;
    %load/vec4 v0x14c72c180_0;
    %load/vec4 v0x14c72c0d0_0;
    %concat/vec4; draw_concat_vec4
    %cmpi/ne 0, 0, 33;
    %jmp/0xz  T_4.2, 6;
    %vpi_call 2 69 "$display", "[FAIL] en=0: output changed carry=%b sum=%08h", v0x14c72c180_0, v0x14c72c0d0_0 {0 0 0};
    %load/vec4 v0x14c72c370_0;
    %addi 1, 0, 32;
    %store/vec4 v0x14c72c370_0, 0, 32;
    %jmp T_4.3;
T_4.2 ;
    %vpi_call 2 72 "$display", "[PASS] en=0: output frozen at 0" {0 0 0};
T_4.3 ;
    %pushi/vec4 1, 0, 1;
    %store/vec4 v0x14c72c2c0_0, 0, 1;
    %delay 20000, 0;
    %vpi_call 2 76 "$display", "=========================================" {0 0 0};
    %vpi_call 2 77 "$display", "  adder32 | %0d tests | %0d error(s)", v0x14c72c630_0, v0x14c72c370_0 {0 0 0};
    %load/vec4 v0x14c72c370_0;
    %cmpi/e 0, 0, 32;
    %jmp/0xz  T_4.4, 4;
    %vpi_call 2 78 "$display", "  ALL TESTS PASSED" {0 0 0};
    %jmp T_4.5;
T_4.4 ;
    %vpi_call 2 79 "$display", "  SIMULATION FAILED" {0 0 0};
T_4.5 ;
    %vpi_call 2 80 "$display", "=========================================" {0 0 0};
    %vpi_call 2 81 "$finish" {0 0 0};
    %end;
    .thread T_4;
    .scope S_0x14c715d40;
T_5 ;
    %vpi_call 2 85 "$dumpfile", "sim/adder32/sim.vcd" {0 0 0};
    %vpi_call 2 86 "$dumpvars", 32'sb00000000000000000000000000000000, S_0x14c715d40 {0 0 0};
    %end;
    .thread T_5;
# The file index is used to find the file name in the following table.
:file_names 4;
    "N/A";
    "<interactive>";
    "sim/adder32/sim_adder32.v";
    "rtl/adder32.v";
