#! /opt/homebrew/Cellar/icarus-verilog/13.0/bin/vvp
:ivl_version "13.0 (stable)" "(v13_0)";
:ivl_delay_selection "TYPICAL";
:vpi_time_precision - 12;
:vpi_module "/opt/homebrew/Cellar/icarus-verilog/13.0/lib/ivl/system.vpi";
:vpi_module "/opt/homebrew/Cellar/icarus-verilog/13.0/lib/ivl/vhdl_sys.vpi";
:vpi_module "/opt/homebrew/Cellar/icarus-verilog/13.0/lib/ivl/vhdl_textio.vpi";
:vpi_module "/opt/homebrew/Cellar/icarus-verilog/13.0/lib/ivl/v2005_math.vpi";
:vpi_module "/opt/homebrew/Cellar/icarus-verilog/13.0/lib/ivl/va_math.vpi";
S_0x139704170 .scope module, "sim_arbiter" "sim_arbiter" 2 2;
 .timescale -9 -12;
v0x139715830_0 .var "client1_req", 0 0;
v0x1397158f0_0 .var "client2_req", 0 0;
v0x1397159a0_0 .var "clk", 0 0;
v0x139715a70_0 .var/i "errors", 31 0;
v0x139715b00_0 .var/i "i", 31 0;
v0x139715bd0_0 .net "o_grant1", 0 0, L_0x139715f80;  1 drivers
v0x139715c60_0 .net "o_grant2", 0 0, L_0x1397160a0;  1 drivers
v0x139715d10_0 .var "priority_sel", 0 0;
v0x139715dc0_0 .var "reset_n", 0 0;
v0x139715ef0_0 .var/i "tests", 31 0;
E_0x1397042f0 .event posedge, v0x139714fe0_0;
S_0x139704350 .scope autotask, "check_grants" "check_grants" 2 23, 2 23 0, S_0x139704170;
 .timescale -9 -12;
v0x139704520_0 .var "exp_g1", 0 0;
v0x1397145d0_0 .var "exp_g2", 0 0;
TD_sim_arbiter.check_grants ;
    %load/vec4 v0x139715ef0_0;
    %addi 1, 0, 32;
    %store/vec4 v0x139715ef0_0, 0, 32;
    %load/vec4 v0x139715bd0_0;
    %load/vec4 v0x139704520_0;
    %cmp/ne;
    %jmp/1 T_0.2, 6;
    %flag_mov 8, 6;
    %load/vec4 v0x139715c60_0;
    %load/vec4 v0x1397145d0_0;
    %cmp/ne;
    %flag_or 6, 8;
T_0.2;
    %jmp/0xz  T_0.0, 6;
    %vpi_call 2 28 "$display", "[FAIL] exp g1=%0b g2=%0b | got g1=%0b g2=%0b", v0x139704520_0, v0x1397145d0_0, v0x139715bd0_0, v0x139715c60_0 {0 0 0};
    %load/vec4 v0x139715a70_0;
    %addi 1, 0, 32;
    %store/vec4 v0x139715a70_0, 0, 32;
    %jmp T_0.1;
T_0.0 ;
    %vpi_call 2 32 "$display", "[PASS] grant1=%0b grant2=%0b", v0x139715bd0_0, v0x139715c60_0 {0 0 0};
T_0.1 ;
    %end;
S_0x139714670 .scope module, "uut" "arbiter" 2 13, 3 20 0, S_0x139704170;
 .timescale 0 0;
    .port_info 0 /INPUT 1 "clk";
    .port_info 1 /INPUT 1 "reset_n";
    .port_info 2 /INPUT 1 "priority_sel";
    .port_info 3 /INPUT 1 "client1_req";
    .port_info 4 /INPUT 1 "client2_req";
    .port_info 5 /OUTPUT 1 "o_grant1";
    .port_info 6 /OUTPUT 1 "o_grant2";
P_0x139714830 .param/l "CLINET1" 0 3 53, C4<01>;
P_0x139714870 .param/l "CLINET2" 0 3 54, C4<10>;
P_0x1397148b0 .param/l "IDLE" 0 3 52, C4<00>;
L_0x130040010 .functor BUFT 1, C4<01>, C4<0>, C4<0>, C4<0>;
v0x139714ba0_0 .net/2u *"_ivl_0", 1 0, L_0x130040010;  1 drivers
L_0x130040058 .functor BUFT 1, C4<10>, C4<0>, C4<0>, C4<0>;
v0x139714c60_0 .net/2u *"_ivl_4", 1 0, L_0x130040058;  1 drivers
v0x139714d10_0 .net "client1_req", 0 0, v0x139715830_0;  1 drivers
v0x139714dc0_0 .var "client1_req_d", 0 0;
v0x139714e60_0 .net "client2_req", 0 0, v0x1397158f0_0;  1 drivers
v0x139714f40_0 .var "client2_req_d", 0 0;
v0x139714fe0_0 .net "clk", 0 0, v0x1397159a0_0;  1 drivers
v0x139715080_0 .var "curr_state", 1 0;
v0x139715130_0 .var "next_state", 1 0;
v0x139715240_0 .net "o_grant1", 0 0, L_0x139715f80;  alias, 1 drivers
v0x1397152e0_0 .net "o_grant2", 0 0, L_0x1397160a0;  alias, 1 drivers
v0x139715380_0 .net "priority_sel", 0 0, v0x139715d10_0;  1 drivers
v0x139715420_0 .net "reset_n", 0 0, v0x139715dc0_0;  1 drivers
E_0x139714af0/0 .event negedge, v0x139715420_0;
E_0x139714af0/1 .event posedge, v0x139714fe0_0;
E_0x139714af0 .event/or E_0x139714af0/0, E_0x139714af0/1;
E_0x139714b40 .event anyedge, v0x139715380_0, v0x139715080_0, v0x139714f40_0, v0x139714dc0_0;
L_0x139715f80 .cmp/eq 2, v0x139715080_0, L_0x130040010;
L_0x1397160a0 .cmp/eq 2, v0x139715080_0, L_0x130040058;
S_0x139715530 .scope autotask, "wclk" "wclk" 2 36, 2 36 0, S_0x139704170;
 .timescale -9 -12;
v0x139715710_0 .var/i "k", 31 0;
v0x1397157a0_0 .var/i "n", 31 0;
TD_sim_arbiter.wclk ;
    %pushi/vec4 0, 0, 32;
    %store/vec4 v0x139715710_0, 0, 32;
T_1.3 ; Top of for-loop
    %load/vec4 v0x139715710_0;
    %load/vec4 v0x1397157a0_0;
    %cmp/s;
	  %jmp/0xz T_1.4, 5;
    %wait E_0x1397042f0;
T_1.5 ; for-loop step statement
    %load/vec4 v0x139715710_0;
    %addi 1, 0, 32;
    %store/vec4 v0x139715710_0, 0, 32;
    %jmp T_1.3;
T_1.4 ; for-loop exit label
    %delay 1000, 0;
    %end;
    .scope S_0x139714670;
T_2 ;
    %wait E_0x139714b40;
    %load/vec4 v0x139715080_0;
    %dup/vec4;
    %pushi/vec4 0, 0, 2;
    %cmp/u;
    %jmp/1 T_2.0, 6;
    %dup/vec4;
    %pushi/vec4 1, 0, 2;
    %cmp/u;
    %jmp/1 T_2.1, 6;
    %dup/vec4;
    %pushi/vec4 2, 0, 2;
    %cmp/u;
    %jmp/1 T_2.2, 6;
    %pushi/vec4 0, 0, 2;
    %store/vec4 v0x139715130_0, 0, 2;
    %jmp T_2.4;
T_2.0 ;
    %load/vec4 v0x139715380_0;
    %flag_set/vec4 9;
    %flag_get/vec4 9;
    %jmp/0 T_2.7, 9;
    %load/vec4 v0x139714dc0_0;
    %and;
T_2.7;
    %flag_set/vec4 8;
    %jmp/0xz  T_2.5, 8;
    %pushi/vec4 1, 0, 2;
    %store/vec4 v0x139715130_0, 0, 2;
    %jmp T_2.6;
T_2.5 ;
    %load/vec4 v0x139714f40_0;
    %flag_set/vec4 8;
    %jmp/0xz  T_2.8, 8;
    %pushi/vec4 2, 0, 2;
    %store/vec4 v0x139715130_0, 0, 2;
    %jmp T_2.9;
T_2.8 ;
    %pushi/vec4 0, 0, 2;
    %store/vec4 v0x139715130_0, 0, 2;
T_2.9 ;
T_2.6 ;
    %jmp T_2.4;
T_2.1 ;
    %load/vec4 v0x139714f40_0;
    %flag_set/vec4 8;
    %jmp/0xz  T_2.10, 8;
    %pushi/vec4 2, 0, 2;
    %store/vec4 v0x139715130_0, 0, 2;
    %jmp T_2.11;
T_2.10 ;
    %pushi/vec4 0, 0, 2;
    %store/vec4 v0x139715130_0, 0, 2;
T_2.11 ;
    %jmp T_2.4;
T_2.2 ;
    %load/vec4 v0x139714dc0_0;
    %flag_set/vec4 8;
    %jmp/0xz  T_2.12, 8;
    %pushi/vec4 1, 0, 2;
    %store/vec4 v0x139715130_0, 0, 2;
    %jmp T_2.13;
T_2.12 ;
    %pushi/vec4 0, 0, 2;
    %store/vec4 v0x139715130_0, 0, 2;
T_2.13 ;
    %jmp T_2.4;
T_2.4 ;
    %pop/vec4 1;
    %jmp T_2;
    .thread T_2, $push;
    .scope S_0x139714670;
T_3 ;
    %wait E_0x139714af0;
    %load/vec4 v0x139715420_0;
    %nor/r;
    %flag_set/vec4 8;
    %jmp/0xz  T_3.0, 8;
    %pushi/vec4 0, 0, 2;
    %assign/vec4 v0x139715080_0, 0;
    %jmp T_3.1;
T_3.0 ;
    %load/vec4 v0x139715130_0;
    %assign/vec4 v0x139715080_0, 0;
T_3.1 ;
    %jmp T_3;
    .thread T_3;
    .scope S_0x139714670;
T_4 ;
    %wait E_0x139714af0;
    %load/vec4 v0x139715420_0;
    %nor/r;
    %flag_set/vec4 8;
    %jmp/0xz  T_4.0, 8;
    %pushi/vec4 0, 0, 1;
    %assign/vec4 v0x139714dc0_0, 0;
    %pushi/vec4 0, 0, 1;
    %assign/vec4 v0x139714f40_0, 0;
    %jmp T_4.1;
T_4.0 ;
    %load/vec4 v0x139715240_0;
    %flag_set/vec4 8;
    %jmp/0xz  T_4.2, 8;
    %pushi/vec4 0, 0, 1;
    %assign/vec4 v0x139714dc0_0, 0;
    %jmp T_4.3;
T_4.2 ;
    %load/vec4 v0x139714d10_0;
    %flag_set/vec4 8;
    %jmp/0xz  T_4.4, 8;
    %pushi/vec4 1, 0, 1;
    %assign/vec4 v0x139714dc0_0, 0;
T_4.4 ;
T_4.3 ;
    %load/vec4 v0x1397152e0_0;
    %flag_set/vec4 8;
    %jmp/0xz  T_4.6, 8;
    %pushi/vec4 0, 0, 1;
    %assign/vec4 v0x139714f40_0, 0;
    %jmp T_4.7;
T_4.6 ;
    %load/vec4 v0x139714e60_0;
    %flag_set/vec4 8;
    %jmp/0xz  T_4.8, 8;
    %pushi/vec4 1, 0, 1;
    %assign/vec4 v0x139714f40_0, 0;
T_4.8 ;
T_4.7 ;
T_4.1 ;
    %jmp T_4;
    .thread T_4;
    .scope S_0x139704170;
T_5 ;
    %pushi/vec4 0, 0, 1;
    %store/vec4 v0x1397159a0_0, 0, 1;
    %end;
    .thread T_5;
    .scope S_0x139704170;
T_6 ;
    %delay 5000, 0;
    %load/vec4 v0x1397159a0_0;
    %inv;
    %store/vec4 v0x1397159a0_0, 0, 1;
    %jmp T_6;
    .thread T_6;
    .scope S_0x139704170;
T_7 ;
    %pushi/vec4 0, 0, 32;
    %store/vec4 v0x139715a70_0, 0, 32;
    %pushi/vec4 0, 0, 32;
    %store/vec4 v0x139715ef0_0, 0, 32;
    %pushi/vec4 0, 0, 1;
    %store/vec4 v0x139715dc0_0, 0, 1;
    %pushi/vec4 0, 0, 1;
    %store/vec4 v0x139715d10_0, 0, 1;
    %pushi/vec4 0, 0, 1;
    %store/vec4 v0x139715830_0, 0, 1;
    %pushi/vec4 0, 0, 1;
    %store/vec4 v0x1397158f0_0, 0, 1;
    %vpi_call 2 48 "$display", "=== arbiter testbench ===" {0 0 0};
    %delay 12000, 0;
    %pushi/vec4 1, 0, 1;
    %store/vec4 v0x139715dc0_0, 0, 1;
    %alloc S_0x139715530;
    %pushi/vec4 1, 0, 32;
    %store/vec4 v0x1397157a0_0, 0, 32;
    %fork TD_sim_arbiter.wclk, S_0x139715530;
    %join;
    %free S_0x139715530;
    %alloc S_0x139704350;
    %pushi/vec4 0, 0, 1;
    %store/vec4 v0x139704520_0, 0, 1;
    %pushi/vec4 0, 0, 1;
    %store/vec4 v0x1397145d0_0, 0, 1;
    %fork TD_sim_arbiter.check_grants, S_0x139704350;
    %join;
    %free S_0x139704350;
    %pushi/vec4 1, 0, 1;
    %store/vec4 v0x139715d10_0, 0, 1;
    %pushi/vec4 1, 0, 1;
    %store/vec4 v0x139715830_0, 0, 1;
    %pushi/vec4 0, 0, 1;
    %store/vec4 v0x1397158f0_0, 0, 1;
    %alloc S_0x139715530;
    %pushi/vec4 2, 0, 32;
    %store/vec4 v0x1397157a0_0, 0, 32;
    %fork TD_sim_arbiter.wclk, S_0x139715530;
    %join;
    %free S_0x139715530;
    %alloc S_0x139704350;
    %pushi/vec4 1, 0, 1;
    %store/vec4 v0x139704520_0, 0, 1;
    %pushi/vec4 0, 0, 1;
    %store/vec4 v0x1397145d0_0, 0, 1;
    %fork TD_sim_arbiter.check_grants, S_0x139704350;
    %join;
    %free S_0x139704350;
    %pushi/vec4 0, 0, 1;
    %store/vec4 v0x139715830_0, 0, 1;
    %alloc S_0x139715530;
    %pushi/vec4 1, 0, 32;
    %store/vec4 v0x1397157a0_0, 0, 32;
    %fork TD_sim_arbiter.wclk, S_0x139715530;
    %join;
    %free S_0x139715530;
    %alloc S_0x139704350;
    %pushi/vec4 0, 0, 1;
    %store/vec4 v0x139704520_0, 0, 1;
    %pushi/vec4 0, 0, 1;
    %store/vec4 v0x1397145d0_0, 0, 1;
    %fork TD_sim_arbiter.check_grants, S_0x139704350;
    %join;
    %free S_0x139704350;
    %pushi/vec4 0, 0, 1;
    %store/vec4 v0x139715d10_0, 0, 1;
    %pushi/vec4 1, 0, 1;
    %store/vec4 v0x1397158f0_0, 0, 1;
    %alloc S_0x139715530;
    %pushi/vec4 2, 0, 32;
    %store/vec4 v0x1397157a0_0, 0, 32;
    %fork TD_sim_arbiter.wclk, S_0x139715530;
    %join;
    %free S_0x139715530;
    %alloc S_0x139704350;
    %pushi/vec4 0, 0, 1;
    %store/vec4 v0x139704520_0, 0, 1;
    %pushi/vec4 1, 0, 1;
    %store/vec4 v0x1397145d0_0, 0, 1;
    %fork TD_sim_arbiter.check_grants, S_0x139704350;
    %join;
    %free S_0x139704350;
    %pushi/vec4 0, 0, 1;
    %store/vec4 v0x1397158f0_0, 0, 1;
    %alloc S_0x139715530;
    %pushi/vec4 1, 0, 32;
    %store/vec4 v0x1397157a0_0, 0, 32;
    %fork TD_sim_arbiter.wclk, S_0x139715530;
    %join;
    %free S_0x139715530;
    %alloc S_0x139704350;
    %pushi/vec4 0, 0, 1;
    %store/vec4 v0x139704520_0, 0, 1;
    %pushi/vec4 0, 0, 1;
    %store/vec4 v0x1397145d0_0, 0, 1;
    %fork TD_sim_arbiter.check_grants, S_0x139704350;
    %join;
    %free S_0x139704350;
    %pushi/vec4 1, 0, 1;
    %store/vec4 v0x139715d10_0, 0, 1;
    %pushi/vec4 1, 0, 1;
    %store/vec4 v0x139715830_0, 0, 1;
    %pushi/vec4 1, 0, 1;
    %store/vec4 v0x1397158f0_0, 0, 1;
    %alloc S_0x139715530;
    %pushi/vec4 2, 0, 32;
    %store/vec4 v0x1397157a0_0, 0, 32;
    %fork TD_sim_arbiter.wclk, S_0x139715530;
    %join;
    %free S_0x139715530;
    %alloc S_0x139704350;
    %pushi/vec4 1, 0, 1;
    %store/vec4 v0x139704520_0, 0, 1;
    %pushi/vec4 0, 0, 1;
    %store/vec4 v0x1397145d0_0, 0, 1;
    %fork TD_sim_arbiter.check_grants, S_0x139704350;
    %join;
    %free S_0x139704350;
    %pushi/vec4 0, 0, 1;
    %store/vec4 v0x139715830_0, 0, 1;
    %alloc S_0x139715530;
    %pushi/vec4 1, 0, 32;
    %store/vec4 v0x1397157a0_0, 0, 32;
    %fork TD_sim_arbiter.wclk, S_0x139715530;
    %join;
    %free S_0x139715530;
    %alloc S_0x139704350;
    %pushi/vec4 0, 0, 1;
    %store/vec4 v0x139704520_0, 0, 1;
    %pushi/vec4 1, 0, 1;
    %store/vec4 v0x1397145d0_0, 0, 1;
    %fork TD_sim_arbiter.check_grants, S_0x139704350;
    %join;
    %free S_0x139704350;
    %pushi/vec4 0, 0, 1;
    %store/vec4 v0x1397158f0_0, 0, 1;
    %alloc S_0x139715530;
    %pushi/vec4 1, 0, 32;
    %store/vec4 v0x1397157a0_0, 0, 32;
    %fork TD_sim_arbiter.wclk, S_0x139715530;
    %join;
    %free S_0x139715530;
    %alloc S_0x139704350;
    %pushi/vec4 0, 0, 1;
    %store/vec4 v0x139704520_0, 0, 1;
    %pushi/vec4 0, 0, 1;
    %store/vec4 v0x1397145d0_0, 0, 1;
    %fork TD_sim_arbiter.check_grants, S_0x139704350;
    %join;
    %free S_0x139704350;
    %pushi/vec4 0, 0, 1;
    %store/vec4 v0x139715d10_0, 0, 1;
    %pushi/vec4 1, 0, 1;
    %store/vec4 v0x139715830_0, 0, 1;
    %pushi/vec4 1, 0, 1;
    %store/vec4 v0x1397158f0_0, 0, 1;
    %alloc S_0x139715530;
    %pushi/vec4 2, 0, 32;
    %store/vec4 v0x1397157a0_0, 0, 32;
    %fork TD_sim_arbiter.wclk, S_0x139715530;
    %join;
    %free S_0x139715530;
    %alloc S_0x139704350;
    %pushi/vec4 0, 0, 1;
    %store/vec4 v0x139704520_0, 0, 1;
    %pushi/vec4 1, 0, 1;
    %store/vec4 v0x1397145d0_0, 0, 1;
    %fork TD_sim_arbiter.check_grants, S_0x139704350;
    %join;
    %free S_0x139704350;
    %pushi/vec4 0, 0, 1;
    %store/vec4 v0x1397158f0_0, 0, 1;
    %alloc S_0x139715530;
    %pushi/vec4 1, 0, 32;
    %store/vec4 v0x1397157a0_0, 0, 32;
    %fork TD_sim_arbiter.wclk, S_0x139715530;
    %join;
    %free S_0x139715530;
    %alloc S_0x139704350;
    %pushi/vec4 1, 0, 1;
    %store/vec4 v0x139704520_0, 0, 1;
    %pushi/vec4 0, 0, 1;
    %store/vec4 v0x1397145d0_0, 0, 1;
    %fork TD_sim_arbiter.check_grants, S_0x139704350;
    %join;
    %free S_0x139704350;
    %pushi/vec4 0, 0, 1;
    %store/vec4 v0x139715830_0, 0, 1;
    %alloc S_0x139715530;
    %pushi/vec4 1, 0, 32;
    %store/vec4 v0x1397157a0_0, 0, 32;
    %fork TD_sim_arbiter.wclk, S_0x139715530;
    %join;
    %free S_0x139715530;
    %alloc S_0x139704350;
    %pushi/vec4 0, 0, 1;
    %store/vec4 v0x139704520_0, 0, 1;
    %pushi/vec4 0, 0, 1;
    %store/vec4 v0x1397145d0_0, 0, 1;
    %fork TD_sim_arbiter.check_grants, S_0x139704350;
    %join;
    %free S_0x139704350;
    %pushi/vec4 1, 0, 1;
    %store/vec4 v0x139715d10_0, 0, 1;
    %pushi/vec4 0, 0, 32;
    %store/vec4 v0x139715b00_0, 0, 32;
T_7.0 ; Top of for-loop
    %load/vec4 v0x139715b00_0;
    %cmpi/s 20, 0, 32;
	  %jmp/0xz T_7.1, 5;
    %load/vec4 v0x139715b00_0;
    %parti/s 1, 0, 2;
    %store/vec4 v0x139715830_0, 0, 1;
    %load/vec4 v0x139715b00_0;
    %parti/s 1, 1, 2;
    %store/vec4 v0x1397158f0_0, 0, 1;
    %wait E_0x1397042f0;
    %delay 1000, 0;
    %load/vec4 v0x139715ef0_0;
    %addi 1, 0, 32;
    %store/vec4 v0x139715ef0_0, 0, 32;
    %load/vec4 v0x139715bd0_0;
    %flag_set/vec4 9;
    %flag_get/vec4 9;
    %jmp/0 T_7.5, 9;
    %load/vec4 v0x139715c60_0;
    %and;
T_7.5;
    %flag_set/vec4 8;
    %jmp/0xz  T_7.3, 8;
    %vpi_call 2 89 "$display", "[FAIL] mutual exclusion violated at cycle %0d", v0x139715b00_0 {0 0 0};
    %load/vec4 v0x139715a70_0;
    %addi 1, 0, 32;
    %store/vec4 v0x139715a70_0, 0, 32;
T_7.3 ;
T_7.2 ; for-loop step statement
    %load/vec4 v0x139715b00_0;
    %addi 1, 0, 32;
    %store/vec4 v0x139715b00_0, 0, 32;
    %jmp T_7.0;
T_7.1 ; for-loop exit label
    %vpi_call 2 93 "$display", "[PASS] mutual exclusion: never both grants=1 (20 cycles)" {0 0 0};
    %pushi/vec4 0, 0, 1;
    %store/vec4 v0x139715830_0, 0, 1;
    %pushi/vec4 0, 0, 1;
    %store/vec4 v0x1397158f0_0, 0, 1;
    %delay 50000, 0;
    %vpi_call 2 97 "$display", "=========================================" {0 0 0};
    %vpi_call 2 98 "$display", "  arbiter | %0d tests | %0d error(s)", v0x139715ef0_0, v0x139715a70_0 {0 0 0};
    %load/vec4 v0x139715a70_0;
    %cmpi/e 0, 0, 32;
    %jmp/0xz  T_7.6, 4;
    %vpi_call 2 99 "$display", "  ALL TESTS PASSED" {0 0 0};
    %jmp T_7.7;
T_7.6 ;
    %vpi_call 2 100 "$display", "  SIMULATION FAILED" {0 0 0};
T_7.7 ;
    %vpi_call 2 101 "$display", "=========================================" {0 0 0};
    %vpi_call 2 102 "$finish" {0 0 0};
    %end;
    .thread T_7;
    .scope S_0x139704170;
T_8 ;
    %vpi_call 2 106 "$dumpfile", "sim/arbiter/sim.vcd" {0 0 0};
    %vpi_call 2 107 "$dumpvars", 32'sb00000000000000000000000000000000, S_0x139704170 {0 0 0};
    %end;
    .thread T_8;
# The file index is used to find the file name in the following table.
:file_names 4;
    "N/A";
    "<interactive>";
    "sim/arbiter/sim_arbiter.v";
    "rtl/arbiter.v";
