#! /opt/homebrew/Cellar/icarus-verilog/13.0/bin/vvp
:ivl_version "13.0 (stable)" "(v13_0)";
:ivl_delay_selection "TYPICAL";
:vpi_time_precision - 12;
:vpi_module "/opt/homebrew/Cellar/icarus-verilog/13.0/lib/ivl/system.vpi";
:vpi_module "/opt/homebrew/Cellar/icarus-verilog/13.0/lib/ivl/vhdl_sys.vpi";
:vpi_module "/opt/homebrew/Cellar/icarus-verilog/13.0/lib/ivl/vhdl_textio.vpi";
:vpi_module "/opt/homebrew/Cellar/icarus-verilog/13.0/lib/ivl/v2005_math.vpi";
:vpi_module "/opt/homebrew/Cellar/icarus-verilog/13.0/lib/ivl/va_math.vpi";
S_0x14071e320 .scope module, "sim_counter32bit" "sim_counter32bit" 2 2;
 .timescale -9 -12;
P_0x140716530 .param/l "LOAD_CNT" 1 2 11, C4<11111111111111111111111111111000>;
P_0x140716570 .param/l "LOAD_OVF" 1 2 12, C4<1>;
P_0x1407165b0 .param/l "LOAD_VAL" 1 2 10, C4<111111111111111111111111111111000>;
v0x14072e380_0 .var "clk", 0 0;
v0x14072e440_0 .net "counter_out", 31 0, L_0x14072e9d0;  1 drivers
v0x14072e4f0_0 .net "counter_overflow", 0 0, L_0x14072e8f0;  1 drivers
v0x14072e5c0_0 .var "en", 0 0;
v0x14072e670_0 .var/i "errors", 31 0;
v0x14072e740_0 .var "load", 0 0;
v0x14072e7d0_0 .var "reset_n", 0 0;
v0x14072e860_0 .var/i "tests", 31 0;
E_0x1407079f0 .event posedge, v0x14072db20_0;
S_0x14071e490 .scope autotask, "check" "check" 2 26, 2 26 0, S_0x14071e320;
 .timescale -9 -12;
v0x1407158f0_0 .var "exp_cnt", 31 0;
v0x14072d790_0 .var "exp_ovf", 0 0;
TD_sim_counter32bit.check ;
    %load/vec4 v0x14072e860_0;
    %addi 1, 0, 32;
    %store/vec4 v0x14072e860_0, 0, 32;
    %load/vec4 v0x14072e440_0;
    %load/vec4 v0x1407158f0_0;
    %cmp/ne;
    %jmp/1 T_0.2, 6;
    %flag_mov 8, 6;
    %load/vec4 v0x14072e4f0_0;
    %load/vec4 v0x14072d790_0;
    %cmp/ne;
    %flag_or 6, 8;
T_0.2;
    %jmp/0xz  T_0.0, 6;
    %vpi_call 2 32 "$display", "[FAIL] exp cnt=%08h ovf=%0b | got cnt=%08h ovf=%0b", v0x1407158f0_0, v0x14072d790_0, v0x14072e440_0, v0x14072e4f0_0 {0 0 0};
    %load/vec4 v0x14072e670_0;
    %addi 1, 0, 32;
    %store/vec4 v0x14072e670_0, 0, 32;
    %jmp T_0.1;
T_0.0 ;
    %vpi_call 2 36 "$display", "[PASS] cnt=%08h ovf=%0b", v0x14072e440_0, v0x14072e4f0_0 {0 0 0};
T_0.1 ;
    %end;
S_0x14072d830 .scope module, "uut" "counter_overflow" 2 17, 3 18 0, S_0x14071e320;
 .timescale 0 0;
    .port_info 0 /INPUT 1 "clk";
    .port_info 1 /INPUT 1 "reset_n";
    .port_info 2 /INPUT 1 "en";
    .port_info 3 /INPUT 1 "load";
    .port_info 4 /OUTPUT 32 "counter_out";
    .port_info 5 /OUTPUT 1 "counter_overflow";
v0x14072db20_0 .net "clk", 0 0, v0x14072e380_0;  1 drivers
v0x14072dbd0_0 .net "counter_out", 31 0, L_0x14072e9d0;  alias, 1 drivers
v0x14072dc80_0 .net "counter_overflow", 0 0, L_0x14072e8f0;  alias, 1 drivers
v0x14072dd30_0 .var "counter_reg", 32 0;
v0x14072dde0_0 .net "en", 0 0, v0x14072e5c0_0;  1 drivers
v0x14072dec0_0 .net "load", 0 0, v0x14072e740_0;  1 drivers
v0x14072df60_0 .net "reset_n", 0 0, v0x14072e7d0_0;  1 drivers
E_0x14072dae0/0 .event negedge, v0x14072df60_0;
E_0x14072dae0/1 .event posedge, v0x14072db20_0;
E_0x14072dae0 .event/or E_0x14072dae0/0, E_0x14072dae0/1;
L_0x14072e8f0 .part v0x14072dd30_0, 32, 1;
L_0x14072e9d0 .part v0x14072dd30_0, 0, 32;
S_0x14072e090 .scope autotask, "wclk" "wclk" 2 40, 2 40 0, S_0x14071e320;
 .timescale -9 -12;
v0x14072e250_0 .var/i "k", 31 0;
v0x14072e2e0_0 .var/i "n", 31 0;
TD_sim_counter32bit.wclk ;
    %pushi/vec4 0, 0, 32;
    %store/vec4 v0x14072e250_0, 0, 32;
T_1.3 ; Top of for-loop
    %load/vec4 v0x14072e250_0;
    %load/vec4 v0x14072e2e0_0;
    %cmp/s;
	  %jmp/0xz T_1.4, 5;
    %wait E_0x1407079f0;
T_1.5 ; for-loop step statement
    %load/vec4 v0x14072e250_0;
    %addi 1, 0, 32;
    %store/vec4 v0x14072e250_0, 0, 32;
    %jmp T_1.3;
T_1.4 ; for-loop exit label
    %delay 1000, 0;
    %end;
    .scope S_0x14072d830;
T_2 ;
    %wait E_0x14072dae0;
    %load/vec4 v0x14072df60_0;
    %nor/r;
    %flag_set/vec4 8;
    %jmp/0xz  T_2.0, 8;
    %pushi/vec4 0, 0, 33;
    %assign/vec4 v0x14072dd30_0, 0;
T_2.0 ;
    %load/vec4 v0x14072dec0_0;
    %flag_set/vec4 8;
    %jmp/0xz  T_2.2, 8;
    %pushi/vec4 4294967292, 0, 32;
    %concati/vec4 0, 0, 1;
    %assign/vec4 v0x14072dd30_0, 0;
T_2.2 ;
    %load/vec4 v0x14072dde0_0;
    %flag_set/vec4 8;
    %jmp/0xz  T_2.4, 8;
    %load/vec4 v0x14072dd30_0;
    %addi 1, 0, 33;
    %assign/vec4 v0x14072dd30_0, 0;
T_2.4 ;
    %jmp T_2;
    .thread T_2;
    .scope S_0x14071e320;
T_3 ;
    %pushi/vec4 0, 0, 1;
    %store/vec4 v0x14072e380_0, 0, 1;
    %end;
    .thread T_3;
    .scope S_0x14071e320;
T_4 ;
    %delay 5000, 0;
    %load/vec4 v0x14072e380_0;
    %inv;
    %store/vec4 v0x14072e380_0, 0, 1;
    %jmp T_4;
    .thread T_4;
    .scope S_0x14071e320;
T_5 ;
    %pushi/vec4 0, 0, 32;
    %store/vec4 v0x14072e670_0, 0, 32;
    %pushi/vec4 0, 0, 32;
    %store/vec4 v0x14072e860_0, 0, 32;
    %pushi/vec4 0, 0, 1;
    %store/vec4 v0x14072e7d0_0, 0, 1;
    %pushi/vec4 0, 0, 1;
    %store/vec4 v0x14072e5c0_0, 0, 1;
    %pushi/vec4 0, 0, 1;
    %store/vec4 v0x14072e740_0, 0, 1;
    %vpi_call 2 52 "$display", "=== counter32bit testbench ===" {0 0 0};
    %delay 12000, 0;
    %pushi/vec4 1, 0, 1;
    %store/vec4 v0x14072e7d0_0, 0, 1;
    %alloc S_0x14072e090;
    %pushi/vec4 1, 0, 32;
    %store/vec4 v0x14072e2e0_0, 0, 32;
    %fork TD_sim_counter32bit.wclk, S_0x14072e090;
    %join;
    %free S_0x14072e090;
    %alloc S_0x14071e490;
    %pushi/vec4 0, 0, 32;
    %store/vec4 v0x1407158f0_0, 0, 32;
    %pushi/vec4 0, 0, 1;
    %store/vec4 v0x14072d790_0, 0, 1;
    %fork TD_sim_counter32bit.check, S_0x14071e490;
    %join;
    %free S_0x14071e490;
    %pushi/vec4 1, 0, 1;
    %store/vec4 v0x14072e5c0_0, 0, 1;
    %pushi/vec4 0, 0, 1;
    %store/vec4 v0x14072e740_0, 0, 1;
    %alloc S_0x14072e090;
    %pushi/vec4 1, 0, 32;
    %store/vec4 v0x14072e2e0_0, 0, 32;
    %fork TD_sim_counter32bit.wclk, S_0x14072e090;
    %join;
    %free S_0x14072e090;
    %alloc S_0x14071e490;
    %pushi/vec4 1, 0, 32;
    %store/vec4 v0x1407158f0_0, 0, 32;
    %pushi/vec4 0, 0, 1;
    %store/vec4 v0x14072d790_0, 0, 1;
    %fork TD_sim_counter32bit.check, S_0x14071e490;
    %join;
    %free S_0x14071e490;
    %alloc S_0x14072e090;
    %pushi/vec4 1, 0, 32;
    %store/vec4 v0x14072e2e0_0, 0, 32;
    %fork TD_sim_counter32bit.wclk, S_0x14072e090;
    %join;
    %free S_0x14072e090;
    %alloc S_0x14071e490;
    %pushi/vec4 2, 0, 32;
    %store/vec4 v0x1407158f0_0, 0, 32;
    %pushi/vec4 0, 0, 1;
    %store/vec4 v0x14072d790_0, 0, 1;
    %fork TD_sim_counter32bit.check, S_0x14071e490;
    %join;
    %free S_0x14071e490;
    %alloc S_0x14072e090;
    %pushi/vec4 1, 0, 32;
    %store/vec4 v0x14072e2e0_0, 0, 32;
    %fork TD_sim_counter32bit.wclk, S_0x14072e090;
    %join;
    %free S_0x14072e090;
    %alloc S_0x14071e490;
    %pushi/vec4 3, 0, 32;
    %store/vec4 v0x1407158f0_0, 0, 32;
    %pushi/vec4 0, 0, 1;
    %store/vec4 v0x14072d790_0, 0, 1;
    %fork TD_sim_counter32bit.check, S_0x14071e490;
    %join;
    %free S_0x14071e490;
    %alloc S_0x14072e090;
    %pushi/vec4 1, 0, 32;
    %store/vec4 v0x14072e2e0_0, 0, 32;
    %fork TD_sim_counter32bit.wclk, S_0x14072e090;
    %join;
    %free S_0x14072e090;
    %alloc S_0x14071e490;
    %pushi/vec4 4, 0, 32;
    %store/vec4 v0x1407158f0_0, 0, 32;
    %pushi/vec4 0, 0, 1;
    %store/vec4 v0x14072d790_0, 0, 1;
    %fork TD_sim_counter32bit.check, S_0x14071e490;
    %join;
    %free S_0x14071e490;
    %pushi/vec4 0, 0, 1;
    %store/vec4 v0x14072e5c0_0, 0, 1;
    %pushi/vec4 1, 0, 1;
    %store/vec4 v0x14072e740_0, 0, 1;
    %alloc S_0x14072e090;
    %pushi/vec4 1, 0, 32;
    %store/vec4 v0x14072e2e0_0, 0, 32;
    %fork TD_sim_counter32bit.wclk, S_0x14072e090;
    %join;
    %free S_0x14072e090;
    %alloc S_0x14071e490;
    %pushi/vec4 4294967288, 0, 32;
    %store/vec4 v0x1407158f0_0, 0, 32;
    %pushi/vec4 1, 0, 1;
    %store/vec4 v0x14072d790_0, 0, 1;
    %fork TD_sim_counter32bit.check, S_0x14071e490;
    %join;
    %free S_0x14071e490;
    %pushi/vec4 0, 0, 1;
    %store/vec4 v0x14072e740_0, 0, 1;
    %pushi/vec4 1, 0, 1;
    %store/vec4 v0x14072e5c0_0, 0, 1;
    %alloc S_0x14072e090;
    %pushi/vec4 1, 0, 32;
    %store/vec4 v0x14072e2e0_0, 0, 32;
    %fork TD_sim_counter32bit.wclk, S_0x14072e090;
    %join;
    %free S_0x14072e090;
    %alloc S_0x14071e490;
    %pushi/vec4 4294967289, 0, 32;
    %store/vec4 v0x1407158f0_0, 0, 32;
    %pushi/vec4 1, 0, 1;
    %store/vec4 v0x14072d790_0, 0, 1;
    %fork TD_sim_counter32bit.check, S_0x14071e490;
    %join;
    %free S_0x14071e490;
    %alloc S_0x14072e090;
    %pushi/vec4 1, 0, 32;
    %store/vec4 v0x14072e2e0_0, 0, 32;
    %fork TD_sim_counter32bit.wclk, S_0x14072e090;
    %join;
    %free S_0x14072e090;
    %alloc S_0x14071e490;
    %pushi/vec4 4294967290, 0, 32;
    %store/vec4 v0x1407158f0_0, 0, 32;
    %pushi/vec4 1, 0, 1;
    %store/vec4 v0x14072d790_0, 0, 1;
    %fork TD_sim_counter32bit.check, S_0x14071e490;
    %join;
    %free S_0x14071e490;
    %alloc S_0x14072e090;
    %pushi/vec4 5, 0, 32;
    %store/vec4 v0x14072e2e0_0, 0, 32;
    %fork TD_sim_counter32bit.wclk, S_0x14072e090;
    %join;
    %free S_0x14072e090;
    %alloc S_0x14072e090;
    %pushi/vec4 1, 0, 32;
    %store/vec4 v0x14072e2e0_0, 0, 32;
    %fork TD_sim_counter32bit.wclk, S_0x14072e090;
    %join;
    %free S_0x14072e090;
    %alloc S_0x14071e490;
    %pushi/vec4 0, 0, 32;
    %store/vec4 v0x1407158f0_0, 0, 32;
    %pushi/vec4 0, 0, 1;
    %store/vec4 v0x14072d790_0, 0, 1;
    %fork TD_sim_counter32bit.check, S_0x14071e490;
    %join;
    %free S_0x14071e490;
    %pushi/vec4 0, 0, 1;
    %store/vec4 v0x14072e5c0_0, 0, 1;
    %wait E_0x1407079f0;
    %delay 1000, 0;
    %wait E_0x1407079f0;
    %delay 1000, 0;
    %alloc S_0x14071e490;
    %pushi/vec4 0, 0, 32;
    %store/vec4 v0x1407158f0_0, 0, 32;
    %pushi/vec4 0, 0, 1;
    %store/vec4 v0x14072d790_0, 0, 1;
    %fork TD_sim_counter32bit.check, S_0x14071e490;
    %join;
    %free S_0x14071e490;
    %pushi/vec4 1, 0, 1;
    %store/vec4 v0x14072e5c0_0, 0, 1;
    %alloc S_0x14072e090;
    %pushi/vec4 3, 0, 32;
    %store/vec4 v0x14072e2e0_0, 0, 32;
    %fork TD_sim_counter32bit.wclk, S_0x14072e090;
    %join;
    %free S_0x14072e090;
    %pushi/vec4 0, 0, 1;
    %store/vec4 v0x14072e5c0_0, 0, 1;
    %pushi/vec4 0, 0, 1;
    %store/vec4 v0x14072e7d0_0, 0, 1;
    %delay 2000, 0;
    %load/vec4 v0x14072e860_0;
    %addi 1, 0, 32;
    %store/vec4 v0x14072e860_0, 0, 32;
    %load/vec4 v0x14072e440_0;
    %cmpi/ne 0, 0, 32;
    %jmp/1 T_5.2, 6;
    %flag_mov 8, 6;
    %load/vec4 v0x14072e4f0_0;
    %cmpi/ne 0, 0, 1;
    %flag_or 6, 8;
T_5.2;
    %jmp/0xz  T_5.0, 6;
    %vpi_call 2 88 "$display", "[FAIL] async reset: cnt=%08h ovf=%0b", v0x14072e440_0, v0x14072e4f0_0 {0 0 0};
    %load/vec4 v0x14072e670_0;
    %addi 1, 0, 32;
    %store/vec4 v0x14072e670_0, 0, 32;
    %jmp T_5.1;
T_5.0 ;
    %vpi_call 2 91 "$display", "[PASS] async reset: cnt=0 ovf=0" {0 0 0};
T_5.1 ;
    %pushi/vec4 1, 0, 1;
    %store/vec4 v0x14072e7d0_0, 0, 1;
    %delay 20000, 0;
    %vpi_call 2 95 "$display", "=========================================" {0 0 0};
    %vpi_call 2 96 "$display", "  counter32bit | %0d tests | %0d error(s)", v0x14072e860_0, v0x14072e670_0 {0 0 0};
    %load/vec4 v0x14072e670_0;
    %cmpi/e 0, 0, 32;
    %jmp/0xz  T_5.3, 4;
    %vpi_call 2 97 "$display", "  ALL TESTS PASSED" {0 0 0};
    %jmp T_5.4;
T_5.3 ;
    %vpi_call 2 98 "$display", "  SIMULATION FAILED" {0 0 0};
T_5.4 ;
    %vpi_call 2 99 "$display", "=========================================" {0 0 0};
    %vpi_call 2 100 "$finish" {0 0 0};
    %end;
    .thread T_5;
    .scope S_0x14071e320;
T_6 ;
    %vpi_call 2 104 "$dumpfile", "sim/counter32bit/sim.vcd" {0 0 0};
    %vpi_call 2 105 "$dumpvars", 32'sb00000000000000000000000000000000, S_0x14071e320 {0 0 0};
    %end;
    .thread T_6;
# The file index is used to find the file name in the following table.
:file_names 4;
    "N/A";
    "<interactive>";
    "sim/counter32bit/sim_counter32bit.v";
    "rtl/counter32bit.v";
