#! /opt/homebrew/Cellar/icarus-verilog/13.0/bin/vvp
:ivl_version "13.0 (stable)" "(v13_0)";
:ivl_delay_selection "TYPICAL";
:vpi_time_precision - 12;
:vpi_module "/opt/homebrew/Cellar/icarus-verilog/13.0/lib/ivl/system.vpi";
:vpi_module "/opt/homebrew/Cellar/icarus-verilog/13.0/lib/ivl/vhdl_sys.vpi";
:vpi_module "/opt/homebrew/Cellar/icarus-verilog/13.0/lib/ivl/vhdl_textio.vpi";
:vpi_module "/opt/homebrew/Cellar/icarus-verilog/13.0/lib/ivl/v2005_math.vpi";
:vpi_module "/opt/homebrew/Cellar/icarus-verilog/13.0/lib/ivl/va_math.vpi";
S_0x128705680 .scope module, "sim_encoder4x2" "sim_encoder4x2" 2 2;
 .timescale -9 -12;
v0x128716460_0 .var "clk", 0 0;
v0x128716510_0 .var "din", 3 0;
v0x1287165a0_0 .net "dout", 1 0, v0x1287161a0_0;  1 drivers
v0x128716670_0 .var "en", 0 0;
v0x128716720_0 .var/i "errors", 31 0;
v0x1287167f0 .array "expected_map", 3 0, 1 0;
v0x128716880_0 .var/i "i", 31 0;
v0x128716910 .array "one_hot", 3 0, 3 0;
v0x1287169b0_0 .var "rstn", 0 0;
v0x128716ac0_0 .var/i "tests", 31 0;
S_0x1287057f0 .scope autotask, "check_dout" "check_dout" 2 24, 2 24 0, S_0x128705680;
 .timescale -9 -12;
v0x1287059c0_0 .var "expected", 1 0;
TD_sim_encoder4x2.check_dout ;
    %wait E_0x128715c50;
    %delay 1000, 0;
    %load/vec4 v0x128716ac0_0;
    %addi 1, 0, 32;
    %store/vec4 v0x128716ac0_0, 0, 32;
    %load/vec4 v0x1287165a0_0;
    %load/vec4 v0x1287059c0_0;
    %cmp/ne;
    %jmp/0xz  T_0.0, 6;
    %vpi_call 2 30 "$display", "[FAIL] din=%04b | exp=%02b got=%02b", v0x128716510_0, v0x1287059c0_0, v0x1287165a0_0 {0 0 0};
    %load/vec4 v0x128716720_0;
    %addi 1, 0, 32;
    %store/vec4 v0x128716720_0, 0, 32;
    %jmp T_0.1;
T_0.0 ;
    %vpi_call 2 33 "$display", "[PASS] din=%04b dout=%02b", v0x128716510_0, v0x1287165a0_0 {0 0 0};
T_0.1 ;
    %end;
S_0x128715a80 .scope begin, "freeze_loop" "freeze_loop" 2 69, 2 69 0, S_0x128705680;
 .timescale -9 -12;
v0x128715c90_0 .var "held", 1 0;
E_0x128715c50 .event posedge, v0x128716040_0;
S_0x128715d40 .scope module, "uut" "encoder4x2" 2 16, 3 11 0, S_0x128705680;
 .timescale 0 0;
    .port_info 0 /INPUT 4 "din";
    .port_info 1 /INPUT 1 "clk";
    .port_info 2 /OUTPUT 2 "dout";
    .port_info 3 /INPUT 1 "rstn";
    .port_info 4 /INPUT 1 "en";
v0x128716040_0 .net "clk", 0 0, v0x128716460_0;  1 drivers
v0x1287160f0_0 .net "din", 3 0, v0x128716510_0;  1 drivers
v0x1287161a0_0 .var "dout", 1 0;
v0x128716260_0 .net "en", 0 0, v0x128716670_0;  1 drivers
v0x128716300_0 .net "rstn", 0 0, v0x1287169b0_0;  1 drivers
E_0x128715ff0/0 .event negedge, v0x128716300_0;
E_0x128715ff0/1 .event posedge, v0x128716040_0;
E_0x128715ff0 .event/or E_0x128715ff0/0, E_0x128715ff0/1;
    .scope S_0x128715d40;
T_1 ;
    %wait E_0x128715ff0;
    %load/vec4 v0x128716300_0;
    %nor/r;
    %flag_set/vec4 8;
    %jmp/0xz  T_1.0, 8;
    %pushi/vec4 0, 0, 2;
    %store/vec4 v0x1287161a0_0, 0, 2;
    %jmp T_1.1;
T_1.0 ;
    %load/vec4 v0x128716260_0;
    %flag_set/vec4 8;
    %jmp/0xz  T_1.2, 8;
    %load/vec4 v0x1287160f0_0;
    %dup/vec4;
    %pushi/vec4 1, 0, 4;
    %cmp/u;
    %jmp/1 T_1.4, 6;
    %dup/vec4;
    %pushi/vec4 2, 0, 4;
    %cmp/u;
    %jmp/1 T_1.5, 6;
    %dup/vec4;
    %pushi/vec4 4, 0, 4;
    %cmp/u;
    %jmp/1 T_1.6, 6;
    %dup/vec4;
    %pushi/vec4 8, 0, 4;
    %cmp/u;
    %jmp/1 T_1.7, 6;
    %pushi/vec4 0, 0, 2;
    %store/vec4 v0x1287161a0_0, 0, 2;
    %jmp T_1.9;
T_1.4 ;
    %pushi/vec4 0, 0, 2;
    %store/vec4 v0x1287161a0_0, 0, 2;
    %jmp T_1.9;
T_1.5 ;
    %pushi/vec4 1, 0, 2;
    %store/vec4 v0x1287161a0_0, 0, 2;
    %jmp T_1.9;
T_1.6 ;
    %pushi/vec4 2, 0, 2;
    %store/vec4 v0x1287161a0_0, 0, 2;
    %jmp T_1.9;
T_1.7 ;
    %pushi/vec4 3, 0, 2;
    %store/vec4 v0x1287161a0_0, 0, 2;
    %jmp T_1.9;
T_1.9 ;
    %pop/vec4 1;
T_1.2 ;
T_1.1 ;
    %jmp T_1;
    .thread T_1;
    .scope S_0x128705680;
T_2 ;
    %pushi/vec4 0, 0, 1;
    %store/vec4 v0x128716460_0, 0, 1;
    %end;
    .thread T_2;
    .scope S_0x128705680;
T_3 ;
    %delay 5000, 0;
    %load/vec4 v0x128716460_0;
    %inv;
    %store/vec4 v0x128716460_0, 0, 1;
    %jmp T_3;
    .thread T_3;
    .scope S_0x128705680;
T_4 ;
    %pushi/vec4 1, 0, 4;
    %ix/load 4, 0, 0;
    %flag_set/imm 4, 0;
    %store/vec4a v0x128716910, 4, 0;
    %pushi/vec4 2, 0, 4;
    %ix/load 4, 1, 0;
    %flag_set/imm 4, 0;
    %store/vec4a v0x128716910, 4, 0;
    %pushi/vec4 4, 0, 4;
    %ix/load 4, 2, 0;
    %flag_set/imm 4, 0;
    %store/vec4a v0x128716910, 4, 0;
    %pushi/vec4 8, 0, 4;
    %ix/load 4, 3, 0;
    %flag_set/imm 4, 0;
    %store/vec4a v0x128716910, 4, 0;
    %pushi/vec4 0, 0, 2;
    %ix/load 4, 0, 0;
    %flag_set/imm 4, 0;
    %store/vec4a v0x1287167f0, 4, 0;
    %pushi/vec4 1, 0, 2;
    %ix/load 4, 1, 0;
    %flag_set/imm 4, 0;
    %store/vec4a v0x1287167f0, 4, 0;
    %pushi/vec4 2, 0, 2;
    %ix/load 4, 2, 0;
    %flag_set/imm 4, 0;
    %store/vec4a v0x1287167f0, 4, 0;
    %pushi/vec4 3, 0, 2;
    %ix/load 4, 3, 0;
    %flag_set/imm 4, 0;
    %store/vec4a v0x1287167f0, 4, 0;
    %pushi/vec4 0, 0, 32;
    %store/vec4 v0x128716720_0, 0, 32;
    %pushi/vec4 0, 0, 32;
    %store/vec4 v0x128716ac0_0, 0, 32;
    %pushi/vec4 0, 0, 1;
    %store/vec4 v0x1287169b0_0, 0, 1;
    %pushi/vec4 0, 0, 1;
    %store/vec4 v0x128716670_0, 0, 1;
    %pushi/vec4 0, 0, 4;
    %store/vec4 v0x128716510_0, 0, 4;
    %vpi_call 2 45 "$display", "=== encoder4x2 testbench ===" {0 0 0};
    %delay 12000, 0;
    %pushi/vec4 1, 0, 1;
    %store/vec4 v0x1287169b0_0, 0, 1;
    %pushi/vec4 1, 0, 1;
    %store/vec4 v0x128716670_0, 0, 1;
    %pushi/vec4 0, 0, 32;
    %store/vec4 v0x128716880_0, 0, 32;
T_4.0 ; Top of for-loop
    %load/vec4 v0x128716880_0;
    %cmpi/s 4, 0, 32;
	  %jmp/0xz T_4.1, 5;
    %ix/getv/s 4, v0x128716880_0;
    %load/vec4a v0x128716910, 4;
    %store/vec4 v0x128716510_0, 0, 4;
    %alloc S_0x1287057f0;
    %ix/getv/s 4, v0x128716880_0;
    %load/vec4a v0x1287167f0, 4;
    %store/vec4 v0x1287059c0_0, 0, 2;
    %fork TD_sim_encoder4x2.check_dout, S_0x1287057f0;
    %join;
    %free S_0x1287057f0;
T_4.2 ; for-loop step statement
    %load/vec4 v0x128716880_0;
    %addi 1, 0, 32;
    %store/vec4 v0x128716880_0, 0, 32;
    %jmp T_4.0;
T_4.1 ; for-loop exit label
    %pushi/vec4 0, 0, 4;
    %store/vec4 v0x128716510_0, 0, 4;
    %alloc S_0x1287057f0;
    %pushi/vec4 0, 0, 2;
    %store/vec4 v0x1287059c0_0, 0, 2;
    %fork TD_sim_encoder4x2.check_dout, S_0x1287057f0;
    %join;
    %free S_0x1287057f0;
    %pushi/vec4 0, 0, 1;
    %store/vec4 v0x1287169b0_0, 0, 1;
    %delay 2000, 0;
    %load/vec4 v0x128716ac0_0;
    %addi 1, 0, 32;
    %store/vec4 v0x128716ac0_0, 0, 32;
    %load/vec4 v0x1287165a0_0;
    %cmpi/ne 0, 0, 2;
    %jmp/0xz  T_4.3, 6;
    %vpi_call 2 62 "$display", "[FAIL] async reset: got %02b", v0x1287165a0_0 {0 0 0};
    %load/vec4 v0x128716720_0;
    %addi 1, 0, 32;
    %store/vec4 v0x128716720_0, 0, 32;
    %jmp T_4.4;
T_4.3 ;
    %vpi_call 2 65 "$display", "[PASS] async reset: dout=00" {0 0 0};
T_4.4 ;
    %pushi/vec4 1, 0, 1;
    %store/vec4 v0x1287169b0_0, 0, 1;
    %pushi/vec4 0, 0, 32;
    %store/vec4 v0x128716880_0, 0, 32;
T_4.5 ; Top of for-loop
    %load/vec4 v0x128716880_0;
    %cmpi/s 4, 0, 32;
	  %jmp/0xz T_4.6, 5;
    %fork t_1, S_0x128715a80;
    %jmp t_0;
    .scope S_0x128715a80;
t_1 ;
    %pushi/vec4 1, 0, 1;
    %store/vec4 v0x128716670_0, 0, 1;
    %ix/getv/s 4, v0x128716880_0;
    %load/vec4a v0x128716910, 4;
    %store/vec4 v0x128716510_0, 0, 4;
    %wait E_0x128715c50;
    %delay 1000, 0;
    %load/vec4 v0x1287165a0_0;
    %store/vec4 v0x128715c90_0, 0, 2;
    %pushi/vec4 0, 0, 1;
    %store/vec4 v0x128716670_0, 0, 1;
    %load/vec4 v0x128716880_0;
    %addi 1, 0, 32;
    %pushi/vec4 4, 0, 32;
    %mod/s;
    %ix/vec4/s 4;
    %load/vec4a v0x128716910, 4;
    %store/vec4 v0x128716510_0, 0, 4;
    %wait E_0x128715c50;
    %delay 1000, 0;
    %load/vec4 v0x128716ac0_0;
    %addi 1, 0, 32;
    %store/vec4 v0x128716ac0_0, 0, 32;
    %load/vec4 v0x1287165a0_0;
    %load/vec4 v0x128715c90_0;
    %cmp/ne;
    %jmp/0xz  T_4.8, 6;
    %vpi_call 2 78 "$display", "[FAIL] en=0 freeze: expected %02b got %02b", v0x128715c90_0, v0x1287165a0_0 {0 0 0};
    %load/vec4 v0x128716720_0;
    %addi 1, 0, 32;
    %store/vec4 v0x128716720_0, 0, 32;
    %jmp T_4.9;
T_4.8 ;
    %vpi_call 2 81 "$display", "[PASS] en=0 freeze: dout=%02b held", v0x1287165a0_0 {0 0 0};
T_4.9 ;
    %end;
    .scope S_0x128705680;
t_0 %join;
T_4.7 ; for-loop step statement
    %load/vec4 v0x128716880_0;
    %addi 1, 0, 32;
    %store/vec4 v0x128716880_0, 0, 32;
    %jmp T_4.5;
T_4.6 ; for-loop exit label
    %pushi/vec4 1, 0, 1;
    %store/vec4 v0x128716670_0, 0, 1;
    %delay 20000, 0;
    %vpi_call 2 86 "$display", "=========================================" {0 0 0};
    %vpi_call 2 87 "$display", "  encoder4x2 | %0d tests | %0d error(s)", v0x128716ac0_0, v0x128716720_0 {0 0 0};
    %load/vec4 v0x128716720_0;
    %cmpi/e 0, 0, 32;
    %jmp/0xz  T_4.10, 4;
    %vpi_call 2 88 "$display", "  ALL TESTS PASSED" {0 0 0};
    %jmp T_4.11;
T_4.10 ;
    %vpi_call 2 89 "$display", "  SIMULATION FAILED" {0 0 0};
T_4.11 ;
    %vpi_call 2 90 "$display", "=========================================" {0 0 0};
    %vpi_call 2 91 "$finish" {0 0 0};
    %end;
    .thread T_4;
    .scope S_0x128705680;
T_5 ;
    %vpi_call 2 95 "$dumpfile", "sim/encoder4x2/sim.vcd" {0 0 0};
    %vpi_call 2 96 "$dumpvars", 32'sb00000000000000000000000000000000, S_0x128705680 {0 0 0};
    %end;
    .thread T_5;
# The file index is used to find the file name in the following table.
:file_names 4;
    "N/A";
    "<interactive>";
    "sim/encoder4x2/sim_encoder4x2.v";
    "rtl/encoder4x2.v";
