#! /opt/homebrew/Cellar/icarus-verilog/13.0/bin/vvp
:ivl_version "13.0 (stable)" "(v13_0)";
:ivl_delay_selection "TYPICAL";
:vpi_time_precision - 12;
:vpi_module "/opt/homebrew/Cellar/icarus-verilog/13.0/lib/ivl/system.vpi";
:vpi_module "/opt/homebrew/Cellar/icarus-verilog/13.0/lib/ivl/vhdl_sys.vpi";
:vpi_module "/opt/homebrew/Cellar/icarus-verilog/13.0/lib/ivl/vhdl_textio.vpi";
:vpi_module "/opt/homebrew/Cellar/icarus-verilog/13.0/lib/ivl/v2005_math.vpi";
:vpi_module "/opt/homebrew/Cellar/icarus-verilog/13.0/lib/ivl/va_math.vpi";
S_0x11f628fb0 .scope module, "sim_matrixmult" "sim_matrixmult" 2 2;
 .timescale -9 -12;
v0x11f639ff0_0 .var "A", 31 0;
v0x11f63a080_0 .var "B", 31 0;
v0x11f63a110_0 .net "Res", 31 0, v0x11f639b90_0;  1 drivers
v0x11f63a1e0_0 .var "clk", 0 0;
v0x11f63a290_0 .var "en", 0 0;
v0x11f63a360_0 .var/i "errors", 31 0;
v0x11f63a3f0_0 .var "rstn", 0 0;
v0x11f63a4a0_0 .var/i "tests", 31 0;
E_0x11f60b4d0 .event posedge, v0x11f639d20_0;
S_0x11f60a6d0 .scope autotask, "check_result" "check_result" 2 38, 2 38 0, S_0x11f628fb0;
 .timescale -9 -12;
v0x11f61da40_0 .var "expected", 31 0;
TD_sim_matrixmult.check_result ;
    %wait E_0x11f60b4d0;
    %delay 1000, 0;
    %load/vec4 v0x11f639ff0_0;
    %load/vec4 v0x11f63a080_0;
    %store/vec4 v0x11f639180_0, 0, 32;
    %store/vec4 v0x11f639070_0, 0, 32;
    %callf/vec4 TD_sim_matrixmult.mat_mult, S_0x11f6388f0;
    %store/vec4 v0x11f61da40_0, 0, 32;
    %load/vec4 v0x11f63a4a0_0;
    %addi 1, 0, 32;
    %store/vec4 v0x11f63a4a0_0, 0, 32;
    %load/vec4 v0x11f63a110_0;
    %load/vec4 v0x11f61da40_0;
    %cmp/ne;
    %jmp/0xz  T_0.0, 6;
    %vpi_call 2 45 "$display", "[FAIL] A=%08h B=%08h | exp=%08h got=%08h", v0x11f639ff0_0, v0x11f63a080_0, v0x11f61da40_0, v0x11f63a110_0 {0 0 0};
    %load/vec4 v0x11f63a360_0;
    %addi 1, 0, 32;
    %store/vec4 v0x11f63a360_0, 0, 32;
    %jmp T_0.1;
T_0.0 ;
    %vpi_call 2 48 "$display", "[PASS] A=%08h B=%08h Res=%08h", v0x11f639ff0_0, v0x11f63a080_0, v0x11f63a110_0 {0 0 0};
T_0.1 ;
    %end;
S_0x11f6388f0 .scope function.vec4.s32, "mat_mult" "mat_mult" 2 22, 2 22 0, S_0x11f628fb0;
 .timescale -9 -12;
v0x11f638ac0_0 .var "a00", 7 0;
v0x11f638b50_0 .var "a01", 7 0;
v0x11f638c00_0 .var "a10", 7 0;
v0x11f638cc0_0 .var "a11", 7 0;
v0x11f638d70_0 .var "b00", 7 0;
v0x11f638e60_0 .var "b01", 7 0;
v0x11f638f10_0 .var "b10", 7 0;
v0x11f638fc0_0 .var "b11", 7 0;
v0x11f639070_0 .var "mA", 31 0;
v0x11f639180_0 .var "mB", 31 0;
; Variable mat_mult is vec4 return value of scope S_0x11f6388f0
v0x11f6392e0_0 .var "r00", 7 0;
v0x11f639390_0 .var "r01", 7 0;
v0x11f639440_0 .var "r10", 7 0;
v0x11f6394f0_0 .var "r11", 7 0;
TD_sim_matrixmult.mat_mult ;
    %load/vec4 v0x11f639070_0;
    %parti/s 8, 24, 6;
    %store/vec4 v0x11f638ac0_0, 0, 8;
    %load/vec4 v0x11f639070_0;
    %parti/s 8, 16, 6;
    %store/vec4 v0x11f638b50_0, 0, 8;
    %load/vec4 v0x11f639070_0;
    %parti/s 8, 8, 5;
    %store/vec4 v0x11f638c00_0, 0, 8;
    %load/vec4 v0x11f639070_0;
    %parti/s 8, 0, 2;
    %store/vec4 v0x11f638cc0_0, 0, 8;
    %load/vec4 v0x11f639180_0;
    %parti/s 8, 24, 6;
    %store/vec4 v0x11f638d70_0, 0, 8;
    %load/vec4 v0x11f639180_0;
    %parti/s 8, 16, 6;
    %store/vec4 v0x11f638e60_0, 0, 8;
    %load/vec4 v0x11f639180_0;
    %parti/s 8, 8, 5;
    %store/vec4 v0x11f638f10_0, 0, 8;
    %load/vec4 v0x11f639180_0;
    %parti/s 8, 0, 2;
    %store/vec4 v0x11f638fc0_0, 0, 8;
    %load/vec4 v0x11f638ac0_0;
    %load/vec4 v0x11f638d70_0;
    %mul;
    %load/vec4 v0x11f638b50_0;
    %load/vec4 v0x11f638f10_0;
    %mul;
    %add;
    %store/vec4 v0x11f6392e0_0, 0, 8;
    %load/vec4 v0x11f638ac0_0;
    %load/vec4 v0x11f638e60_0;
    %mul;
    %load/vec4 v0x11f638b50_0;
    %load/vec4 v0x11f638fc0_0;
    %mul;
    %add;
    %store/vec4 v0x11f639390_0, 0, 8;
    %load/vec4 v0x11f638c00_0;
    %load/vec4 v0x11f638d70_0;
    %mul;
    %load/vec4 v0x11f638cc0_0;
    %load/vec4 v0x11f638f10_0;
    %mul;
    %add;
    %store/vec4 v0x11f639440_0, 0, 8;
    %load/vec4 v0x11f638c00_0;
    %load/vec4 v0x11f638e60_0;
    %mul;
    %load/vec4 v0x11f638cc0_0;
    %load/vec4 v0x11f638fc0_0;
    %mul;
    %add;
    %store/vec4 v0x11f6394f0_0, 0, 8;
    %load/vec4 v0x11f6392e0_0;
    %load/vec4 v0x11f639390_0;
    %concat/vec4; draw_concat_vec4
    %load/vec4 v0x11f639440_0;
    %concat/vec4; draw_concat_vec4
    %load/vec4 v0x11f6394f0_0;
    %concat/vec4; draw_concat_vec4
    %ret/vec4 0, 0, 32;  Assign to mat_mult (store_vec4_to_lval)
    %end;
S_0x11f6395a0 .scope module, "uut" "matrix2x2_mult" 2 13, 3 17 0, S_0x11f628fb0;
 .timescale 0 0;
    .port_info 0 /INPUT 32 "A";
    .port_info 1 /INPUT 32 "B";
    .port_info 2 /OUTPUT 32 "Res";
    .port_info 3 /INPUT 1 "clk";
    .port_info 4 /INPUT 1 "rstn";
    .port_info 5 /INPUT 1 "en";
v0x11f6398d0_0 .net "A", 31 0, v0x11f639ff0_0;  1 drivers
v0x11f639990 .array "A1", 3 0, 7 0;
v0x11f639a30_0 .net "B", 31 0, v0x11f63a080_0;  1 drivers
v0x11f639af0 .array "B1", 3 0, 7 0;
v0x11f639b90_0 .var "Res", 31 0;
v0x11f639c80 .array "Res1", 3 0, 7 0;
v0x11f639d20_0 .net "clk", 0 0, v0x11f63a1e0_0;  1 drivers
v0x11f639dc0_0 .net "en", 0 0, v0x11f63a290_0;  1 drivers
v0x11f639e60_0 .net "rstn", 0 0, v0x11f63a3f0_0;  1 drivers
E_0x11f639840/0 .event negedge, v0x11f639e60_0;
E_0x11f639840/1 .event posedge, v0x11f639d20_0;
E_0x11f639840 .event/or E_0x11f639840/0, E_0x11f639840/1;
E_0x11f639880 .event anyedge, v0x11f639a30_0, v0x11f6398d0_0;
    .scope S_0x11f6395a0;
T_2 ;
    %wait E_0x11f639880;
    %load/vec4 v0x11f6398d0_0;
    %split/vec4 8;
    %ix/load 4, 3, 0;
    %flag_set/imm 4, 0;
    %store/vec4a v0x11f639990, 4, 0;
    %split/vec4 8;
    %ix/load 4, 2, 0;
    %flag_set/imm 4, 0;
    %store/vec4a v0x11f639990, 4, 0;
    %split/vec4 8;
    %ix/load 4, 1, 0;
    %flag_set/imm 4, 0;
    %store/vec4a v0x11f639990, 4, 0;
    %ix/load 4, 0, 0;
    %flag_set/imm 4, 0;
    %store/vec4a v0x11f639990, 4, 0;
    %load/vec4 v0x11f639a30_0;
    %split/vec4 8;
    %ix/load 4, 3, 0;
    %flag_set/imm 4, 0;
    %store/vec4a v0x11f639af0, 4, 0;
    %split/vec4 8;
    %ix/load 4, 2, 0;
    %flag_set/imm 4, 0;
    %store/vec4a v0x11f639af0, 4, 0;
    %split/vec4 8;
    %ix/load 4, 1, 0;
    %flag_set/imm 4, 0;
    %store/vec4a v0x11f639af0, 4, 0;
    %ix/load 4, 0, 0;
    %flag_set/imm 4, 0;
    %store/vec4a v0x11f639af0, 4, 0;
    %jmp T_2;
    .thread T_2, $push;
    .scope S_0x11f6395a0;
T_3 ;
    %wait E_0x11f639840;
    %load/vec4 v0x11f639e60_0;
    %nor/r;
    %flag_set/vec4 8;
    %jmp/0xz  T_3.0, 8;
    %pushi/vec4 0, 0, 32;
    %split/vec4 8;
    %ix/load 4, 3, 0;
    %flag_set/imm 4, 0;
    %store/vec4a v0x11f639c80, 4, 0;
    %split/vec4 8;
    %ix/load 4, 2, 0;
    %flag_set/imm 4, 0;
    %store/vec4a v0x11f639c80, 4, 0;
    %split/vec4 8;
    %ix/load 4, 1, 0;
    %flag_set/imm 4, 0;
    %store/vec4a v0x11f639c80, 4, 0;
    %ix/load 4, 0, 0;
    %flag_set/imm 4, 0;
    %store/vec4a v0x11f639c80, 4, 0;
    %jmp T_3.1;
T_3.0 ;
    %load/vec4 v0x11f639dc0_0;
    %flag_set/vec4 8;
    %jmp/0xz  T_3.2, 8;
    %ix/load 4, 0, 0;
    %flag_set/imm 4, 0;
    %load/vec4a v0x11f639990, 4;
    %ix/load 4, 0, 0;
    %flag_set/imm 4, 0;
    %load/vec4a v0x11f639af0, 4;
    %mul;
    %ix/load 4, 1, 0;
    %flag_set/imm 4, 0;
    %load/vec4a v0x11f639990, 4;
    %ix/load 4, 2, 0;
    %flag_set/imm 4, 0;
    %load/vec4a v0x11f639af0, 4;
    %mul;
    %add;
    %ix/load 4, 0, 0;
    %flag_set/imm 4, 0;
    %store/vec4a v0x11f639c80, 4, 0;
    %ix/load 4, 0, 0;
    %flag_set/imm 4, 0;
    %load/vec4a v0x11f639990, 4;
    %ix/load 4, 1, 0;
    %flag_set/imm 4, 0;
    %load/vec4a v0x11f639af0, 4;
    %mul;
    %ix/load 4, 1, 0;
    %flag_set/imm 4, 0;
    %load/vec4a v0x11f639990, 4;
    %ix/load 4, 3, 0;
    %flag_set/imm 4, 0;
    %load/vec4a v0x11f639af0, 4;
    %mul;
    %add;
    %ix/load 4, 1, 0;
    %flag_set/imm 4, 0;
    %store/vec4a v0x11f639c80, 4, 0;
    %ix/load 4, 2, 0;
    %flag_set/imm 4, 0;
    %load/vec4a v0x11f639990, 4;
    %ix/load 4, 0, 0;
    %flag_set/imm 4, 0;
    %load/vec4a v0x11f639af0, 4;
    %mul;
    %ix/load 4, 3, 0;
    %flag_set/imm 4, 0;
    %load/vec4a v0x11f639990, 4;
    %ix/load 4, 2, 0;
    %flag_set/imm 4, 0;
    %load/vec4a v0x11f639af0, 4;
    %mul;
    %add;
    %ix/load 4, 2, 0;
    %flag_set/imm 4, 0;
    %store/vec4a v0x11f639c80, 4, 0;
    %ix/load 4, 2, 0;
    %flag_set/imm 4, 0;
    %load/vec4a v0x11f639990, 4;
    %ix/load 4, 1, 0;
    %flag_set/imm 4, 0;
    %load/vec4a v0x11f639af0, 4;
    %mul;
    %ix/load 4, 3, 0;
    %flag_set/imm 4, 0;
    %load/vec4a v0x11f639990, 4;
    %ix/load 4, 3, 0;
    %flag_set/imm 4, 0;
    %load/vec4a v0x11f639af0, 4;
    %mul;
    %add;
    %ix/load 4, 3, 0;
    %flag_set/imm 4, 0;
    %store/vec4a v0x11f639c80, 4, 0;
    %ix/load 4, 0, 0;
    %flag_set/imm 4, 0;
    %load/vec4a v0x11f639c80, 4;
    %ix/load 4, 1, 0;
    %flag_set/imm 4, 0;
    %load/vec4a v0x11f639c80, 4;
    %concat/vec4; draw_concat_vec4
    %ix/load 4, 2, 0;
    %flag_set/imm 4, 0;
    %load/vec4a v0x11f639c80, 4;
    %concat/vec4; draw_concat_vec4
    %ix/load 4, 3, 0;
    %flag_set/imm 4, 0;
    %load/vec4a v0x11f639c80, 4;
    %concat/vec4; draw_concat_vec4
    %store/vec4 v0x11f639b90_0, 0, 32;
T_3.2 ;
T_3.1 ;
    %jmp T_3;
    .thread T_3;
    .scope S_0x11f628fb0;
T_4 ;
    %pushi/vec4 0, 0, 1;
    %store/vec4 v0x11f63a1e0_0, 0, 1;
    %end;
    .thread T_4;
    .scope S_0x11f628fb0;
T_5 ;
    %delay 5000, 0;
    %load/vec4 v0x11f63a1e0_0;
    %inv;
    %store/vec4 v0x11f63a1e0_0, 0, 1;
    %jmp T_5;
    .thread T_5;
    .scope S_0x11f628fb0;
T_6 ;
    %pushi/vec4 0, 0, 32;
    %store/vec4 v0x11f63a360_0, 0, 32;
    %pushi/vec4 0, 0, 32;
    %store/vec4 v0x11f63a4a0_0, 0, 32;
    %pushi/vec4 0, 0, 1;
    %store/vec4 v0x11f63a3f0_0, 0, 1;
    %pushi/vec4 0, 0, 1;
    %store/vec4 v0x11f63a290_0, 0, 1;
    %pushi/vec4 0, 0, 32;
    %store/vec4 v0x11f639ff0_0, 0, 32;
    %pushi/vec4 0, 0, 32;
    %store/vec4 v0x11f63a080_0, 0, 32;
    %vpi_call 2 55 "$display", "=== matrixmult testbench ===" {0 0 0};
    %delay 12000, 0;
    %pushi/vec4 1, 0, 1;
    %store/vec4 v0x11f63a3f0_0, 0, 1;
    %pushi/vec4 1, 0, 1;
    %store/vec4 v0x11f63a290_0, 0, 1;
    %pushi/vec4 16777217, 0, 32;
    %store/vec4 v0x11f639ff0_0, 0, 32;
    %pushi/vec4 16777217, 0, 32;
    %store/vec4 v0x11f63a080_0, 0, 32;
    %alloc S_0x11f60a6d0;
    %fork TD_sim_matrixmult.check_result, S_0x11f60a6d0;
    %join;
    %free S_0x11f60a6d0;
    %pushi/vec4 16843009, 0, 32;
    %store/vec4 v0x11f639ff0_0, 0, 32;
    %pushi/vec4 16843009, 0, 32;
    %store/vec4 v0x11f63a080_0, 0, 32;
    %alloc S_0x11f60a6d0;
    %fork TD_sim_matrixmult.check_result, S_0x11f60a6d0;
    %join;
    %free S_0x11f60a6d0;
    %pushi/vec4 50331651, 0, 32;
    %store/vec4 v0x11f639ff0_0, 0, 32;
    %pushi/vec4 16777217, 0, 32;
    %store/vec4 v0x11f63a080_0, 0, 32;
    %alloc S_0x11f60a6d0;
    %fork TD_sim_matrixmult.check_result, S_0x11f60a6d0;
    %join;
    %free S_0x11f60a6d0;
    %pushi/vec4 33686018, 0, 32;
    %store/vec4 v0x11f639ff0_0, 0, 32;
    %pushi/vec4 33686018, 0, 32;
    %store/vec4 v0x11f63a080_0, 0, 32;
    %alloc S_0x11f60a6d0;
    %fork TD_sim_matrixmult.check_result, S_0x11f60a6d0;
    %join;
    %free S_0x11f60a6d0;
    %pushi/vec4 0, 0, 32;
    %store/vec4 v0x11f639ff0_0, 0, 32;
    %pushi/vec4 84084482, 0, 32;
    %store/vec4 v0x11f63a080_0, 0, 32;
    %alloc S_0x11f60a6d0;
    %fork TD_sim_matrixmult.check_result, S_0x11f60a6d0;
    %join;
    %free S_0x11f60a6d0;
    %pushi/vec4 16909060, 0, 32;
    %store/vec4 v0x11f639ff0_0, 0, 32;
    %pushi/vec4 84281096, 0, 32;
    %store/vec4 v0x11f63a080_0, 0, 32;
    %alloc S_0x11f60a6d0;
    %fork TD_sim_matrixmult.check_result, S_0x11f60a6d0;
    %join;
    %free S_0x11f60a6d0;
    %pushi/vec4 0, 0, 1;
    %store/vec4 v0x11f63a3f0_0, 0, 1;
    %delay 2000, 0;
    %pushi/vec4 1, 0, 1;
    %store/vec4 v0x11f63a3f0_0, 0, 1;
    %pushi/vec4 0, 0, 32;
    %store/vec4 v0x11f639ff0_0, 0, 32;
    %pushi/vec4 0, 0, 32;
    %store/vec4 v0x11f63a080_0, 0, 32;
    %pushi/vec4 1, 0, 1;
    %store/vec4 v0x11f63a290_0, 0, 1;
    %wait E_0x11f60b4d0;
    %delay 1000, 0;
    %load/vec4 v0x11f63a4a0_0;
    %addi 1, 0, 32;
    %store/vec4 v0x11f63a4a0_0, 0, 32;
    %load/vec4 v0x11f63a110_0;
    %cmpi/ne 0, 0, 32;
    %jmp/0xz  T_6.0, 6;
    %vpi_call 2 79 "$display", "[FAIL] post-reset with A=B=0: Res=%08h", v0x11f63a110_0 {0 0 0};
    %load/vec4 v0x11f63a360_0;
    %addi 1, 0, 32;
    %store/vec4 v0x11f63a360_0, 0, 32;
    %jmp T_6.1;
T_6.0 ;
    %vpi_call 2 82 "$display", "[PASS] post-reset A=B=0: Res=0" {0 0 0};
T_6.1 ;
    %delay 20000, 0;
    %vpi_call 2 85 "$display", "=========================================" {0 0 0};
    %vpi_call 2 86 "$display", "  matrixmult | %0d tests | %0d error(s)", v0x11f63a4a0_0, v0x11f63a360_0 {0 0 0};
    %load/vec4 v0x11f63a360_0;
    %cmpi/e 0, 0, 32;
    %jmp/0xz  T_6.2, 4;
    %vpi_call 2 87 "$display", "  ALL TESTS PASSED" {0 0 0};
    %jmp T_6.3;
T_6.2 ;
    %vpi_call 2 88 "$display", "  SIMULATION FAILED" {0 0 0};
T_6.3 ;
    %vpi_call 2 89 "$display", "=========================================" {0 0 0};
    %vpi_call 2 90 "$finish" {0 0 0};
    %end;
    .thread T_6;
    .scope S_0x11f628fb0;
T_7 ;
    %vpi_call 2 94 "$dumpfile", "sim/matrixmult/sim.vcd" {0 0 0};
    %vpi_call 2 95 "$dumpvars", 32'sb00000000000000000000000000000000, S_0x11f628fb0 {0 0 0};
    %end;
    .thread T_7;
# The file index is used to find the file name in the following table.
:file_names 4;
    "N/A";
    "<interactive>";
    "sim/matrixmult/sim_matrixmult.v";
    "rtl/matrixmult.v";
