#! /opt/homebrew/Cellar/icarus-verilog/13.0/bin/vvp
:ivl_version "13.0 (stable)" "(v13_0)";
:ivl_delay_selection "TYPICAL";
:vpi_time_precision - 12;
:vpi_module "/opt/homebrew/Cellar/icarus-verilog/13.0/lib/ivl/system.vpi";
:vpi_module "/opt/homebrew/Cellar/icarus-verilog/13.0/lib/ivl/vhdl_sys.vpi";
:vpi_module "/opt/homebrew/Cellar/icarus-verilog/13.0/lib/ivl/vhdl_textio.vpi";
:vpi_module "/opt/homebrew/Cellar/icarus-verilog/13.0/lib/ivl/v2005_math.vpi";
:vpi_module "/opt/homebrew/Cellar/icarus-verilog/13.0/lib/ivl/va_math.vpi";
S_0x120f048c0 .scope module, "sim_updown_counter" "sim_updown_counter" 2 2;
 .timescale -9 -12;
v0x120f151a0_0 .var "clk", 0 0;
v0x120f15250_0 .net "down_counter", 3 0, v0x120f14e50_0;  1 drivers
v0x120f152e0_0 .var "en", 0 0;
v0x120f153b0_0 .var/i "errors", 31 0;
v0x120f15440_0 .var "exp_dn", 3 0;
v0x120f15510_0 .var "exp_up", 3 0;
v0x120f155b0_0 .var "frozen_dn", 3 0;
v0x120f15660_0 .var "frozen_up", 3 0;
v0x120f15710_0 .var "resetn", 0 0;
v0x120f15820_0 .var/i "step", 31 0;
v0x120f158b0_0 .var/i "tests", 31 0;
v0x120f15940_0 .var/i "timeout", 31 0;
v0x120f159e0_0 .net "up_counter", 3 0, v0x120f15030_0;  1 drivers
E_0x120f04a40 .event posedge, v0x120f04da0_0;
S_0x120f04aa0 .scope module, "uut" "updowncounter" 2 13, 3 15 0, S_0x120f048c0;
 .timescale 0 0;
    .port_info 0 /INPUT 1 "clk";
    .port_info 1 /INPUT 1 "resetn";
    .port_info 2 /INPUT 1 "en";
    .port_info 3 /OUTPUT 4 "up_counter";
    .port_info 4 /OUTPUT 4 "down_counter";
v0x120f04da0_0 .net "clk", 0 0, v0x120f151a0_0;  1 drivers
v0x120f14e50_0 .var "down_counter", 3 0;
v0x120f14ef0_0 .net "en", 0 0, v0x120f152e0_0;  1 drivers
v0x120f14fa0_0 .net "resetn", 0 0, v0x120f15710_0;  1 drivers
v0x120f15030_0 .var "up_counter", 3 0;
E_0x120f04d40 .event posedge, v0x120f14fa0_0, v0x120f04da0_0;
    .scope S_0x120f04aa0;
T_0 ;
    %wait E_0x120f04d40;
    %load/vec4 v0x120f14fa0_0;
    %nor/r;
    %flag_set/vec4 8;
    %jmp/0xz  T_0.0, 8;
    %pushi/vec4 0, 0, 4;
    %assign/vec4 v0x120f15030_0, 0;
    %pushi/vec4 15, 0, 4;
    %assign/vec4 v0x120f14e50_0, 0;
    %jmp T_0.1;
T_0.0 ;
    %load/vec4 v0x120f14ef0_0;
    %flag_set/vec4 8;
    %jmp/0xz  T_0.2, 8;
    %load/vec4 v0x120f15030_0;
    %addi 1, 0, 4;
    %assign/vec4 v0x120f15030_0, 0;
    %load/vec4 v0x120f14e50_0;
    %subi 1, 0, 4;
    %assign/vec4 v0x120f14e50_0, 0;
T_0.2 ;
T_0.1 ;
    %jmp T_0;
    .thread T_0;
    .scope S_0x120f048c0;
T_1 ;
    %pushi/vec4 0, 0, 1;
    %store/vec4 v0x120f151a0_0, 0, 1;
    %end;
    .thread T_1;
    .scope S_0x120f048c0;
T_2 ;
    %delay 5000, 0;
    %load/vec4 v0x120f151a0_0;
    %inv;
    %store/vec4 v0x120f151a0_0, 0, 1;
    %jmp T_2;
    .thread T_2;
    .scope S_0x120f048c0;
T_3 ;
    %pushi/vec4 0, 0, 32;
    %store/vec4 v0x120f153b0_0, 0, 32;
    %pushi/vec4 0, 0, 32;
    %store/vec4 v0x120f158b0_0, 0, 32;
    %pushi/vec4 0, 0, 1;
    %store/vec4 v0x120f151a0_0, 0, 1;
    %pushi/vec4 1, 0, 1;
    %store/vec4 v0x120f15710_0, 0, 1;
    %pushi/vec4 0, 0, 1;
    %store/vec4 v0x120f152e0_0, 0, 1;
    %vpi_call 2 24 "$display", "=== updown_counter testbench ===" {0 0 0};
    %vpi_call 2 25 "$display", "NOTE: reset is buggy (posedge resetn vs !resetn) - testing counting behavior" {0 0 0};
    %delay 5000, 0;
    %pushi/vec4 0, 0, 1;
    %store/vec4 v0x120f15710_0, 0, 1;
    %delay 5000, 0;
    %pushi/vec4 1, 0, 1;
    %store/vec4 v0x120f15710_0, 0, 1;
    %delay 1000, 0;
    %pushi/vec4 1, 0, 1;
    %store/vec4 v0x120f152e0_0, 0, 1;
    %pushi/vec4 0, 0, 32;
    %store/vec4 v0x120f15820_0, 0, 32;
T_3.0 ; Top of for-loop
    %load/vec4 v0x120f15820_0;
    %cmpi/s 16, 0, 32;
	  %jmp/0xz T_3.1, 5;
    %load/vec4 v0x120f159e0_0;
    %addi 1, 0, 4;
    %store/vec4 v0x120f15510_0, 0, 4;
    %load/vec4 v0x120f15250_0;
    %subi 1, 0, 4;
    %store/vec4 v0x120f15440_0, 0, 4;
    %wait E_0x120f04a40;
    %delay 1000, 0;
    %load/vec4 v0x120f158b0_0;
    %addi 1, 0, 32;
    %store/vec4 v0x120f158b0_0, 0, 32;
    %load/vec4 v0x120f159e0_0;
    %load/vec4 v0x120f15510_0;
    %cmp/ne;
    %jmp/1 T_3.5, 6;
    %flag_mov 8, 6;
    %load/vec4 v0x120f15250_0;
    %load/vec4 v0x120f15440_0;
    %cmp/ne;
    %flag_or 6, 8;
T_3.5;
    %jmp/0xz  T_3.3, 6;
    %vpi_call 2 39 "$display", "[FAIL] step %0d: exp up=%04b dn=%04b | got up=%04b dn=%04b", v0x120f15820_0, v0x120f15510_0, v0x120f15440_0, v0x120f159e0_0, v0x120f15250_0 {0 0 0};
    %load/vec4 v0x120f153b0_0;
    %addi 1, 0, 32;
    %store/vec4 v0x120f153b0_0, 0, 32;
    %jmp T_3.4;
T_3.3 ;
    %vpi_call 2 43 "$display", "[PASS] step %0d: up=%04b dn=%04b", v0x120f15820_0, v0x120f159e0_0, v0x120f15250_0 {0 0 0};
T_3.4 ;
T_3.2 ; for-loop step statement
    %load/vec4 v0x120f15820_0;
    %addi 1, 0, 32;
    %store/vec4 v0x120f15820_0, 0, 32;
    %jmp T_3.0;
T_3.1 ; for-loop exit label
    %pushi/vec4 0, 0, 1;
    %store/vec4 v0x120f152e0_0, 0, 1;
    %load/vec4 v0x120f159e0_0;
    %store/vec4 v0x120f15660_0, 0, 4;
    %load/vec4 v0x120f15250_0;
    %store/vec4 v0x120f155b0_0, 0, 4;
    %wait E_0x120f04a40;
    %delay 1000, 0;
    %load/vec4 v0x120f158b0_0;
    %addi 1, 0, 32;
    %store/vec4 v0x120f158b0_0, 0, 32;
    %load/vec4 v0x120f159e0_0;
    %load/vec4 v0x120f15660_0;
    %cmp/ne;
    %jmp/1 T_3.8, 6;
    %flag_mov 8, 6;
    %load/vec4 v0x120f15250_0;
    %load/vec4 v0x120f155b0_0;
    %cmp/ne;
    %flag_or 6, 8;
T_3.8;
    %jmp/0xz  T_3.6, 6;
    %vpi_call 2 53 "$display", "[FAIL] en=0 freeze: counters changed" {0 0 0};
    %load/vec4 v0x120f153b0_0;
    %addi 1, 0, 32;
    %store/vec4 v0x120f153b0_0, 0, 32;
    %jmp T_3.7;
T_3.6 ;
    %vpi_call 2 56 "$display", "[PASS] en=0 freeze: up=%04b dn=%04b held", v0x120f159e0_0, v0x120f15250_0 {0 0 0};
T_3.7 ;
    %wait E_0x120f04a40;
    %delay 1000, 0;
    %load/vec4 v0x120f158b0_0;
    %addi 1, 0, 32;
    %store/vec4 v0x120f158b0_0, 0, 32;
    %load/vec4 v0x120f159e0_0;
    %load/vec4 v0x120f15660_0;
    %cmp/ne;
    %jmp/1 T_3.11, 6;
    %flag_mov 8, 6;
    %load/vec4 v0x120f15250_0;
    %load/vec4 v0x120f155b0_0;
    %cmp/ne;
    %flag_or 6, 8;
T_3.11;
    %jmp/0xz  T_3.9, 6;
    %vpi_call 2 60 "$display", "[FAIL] en=0 freeze cycle 2: counters changed" {0 0 0};
    %load/vec4 v0x120f153b0_0;
    %addi 1, 0, 32;
    %store/vec4 v0x120f153b0_0, 0, 32;
    %jmp T_3.10;
T_3.9 ;
    %vpi_call 2 63 "$display", "[PASS] en=0 freeze cycle 2: held" {0 0 0};
T_3.10 ;
    %pushi/vec4 1, 0, 1;
    %store/vec4 v0x120f152e0_0, 0, 1;
    %load/vec4 v0x120f159e0_0;
    %addi 1, 0, 4;
    %store/vec4 v0x120f15510_0, 0, 4;
    %load/vec4 v0x120f15250_0;
    %subi 1, 0, 4;
    %store/vec4 v0x120f15440_0, 0, 4;
    %wait E_0x120f04a40;
    %delay 1000, 0;
    %load/vec4 v0x120f158b0_0;
    %addi 1, 0, 32;
    %store/vec4 v0x120f158b0_0, 0, 32;
    %load/vec4 v0x120f159e0_0;
    %load/vec4 v0x120f15510_0;
    %cmp/ne;
    %jmp/1 T_3.14, 6;
    %flag_mov 8, 6;
    %load/vec4 v0x120f15250_0;
    %load/vec4 v0x120f15440_0;
    %cmp/ne;
    %flag_or 6, 8;
T_3.14;
    %jmp/0xz  T_3.12, 6;
    %vpi_call 2 72 "$display", "[FAIL] resume: exp up=%04b dn=%04b got up=%04b dn=%04b", v0x120f15510_0, v0x120f15440_0, v0x120f159e0_0, v0x120f15250_0 {0 0 0};
    %load/vec4 v0x120f153b0_0;
    %addi 1, 0, 32;
    %store/vec4 v0x120f153b0_0, 0, 32;
    %jmp T_3.13;
T_3.12 ;
    %vpi_call 2 76 "$display", "[PASS] resume: up=%04b dn=%04b", v0x120f159e0_0, v0x120f15250_0 {0 0 0};
T_3.13 ;
    %pushi/vec4 0, 0, 32;
    %store/vec4 v0x120f15940_0, 0, 32;
T_3.15 ;
    %load/vec4 v0x120f159e0_0;
    %cmpi/ne 15, 0, 4;
    %flag_get/vec4 6;
    %jmp/0 T_3.17, 6;
    %load/vec4 v0x120f15940_0;
    %cmpi/s 50, 0, 32;
    %flag_get/vec4 5;
    %and;
T_3.17;
    %flag_set/vec4 8;
    %jmp/0xz T_3.16, 8;
    %wait E_0x120f04a40;
    %delay 1000, 0;
    %load/vec4 v0x120f15940_0;
    %addi 1, 0, 32;
    %store/vec4 v0x120f15940_0, 0, 32;
    %jmp T_3.15;
T_3.16 ;
    %wait E_0x120f04a40;
    %delay 1000, 0;
    %load/vec4 v0x120f158b0_0;
    %addi 1, 0, 32;
    %store/vec4 v0x120f158b0_0, 0, 32;
    %load/vec4 v0x120f159e0_0;
    %cmpi/ne 0, 0, 4;
    %jmp/0xz  T_3.18, 6;
    %vpi_call 2 88 "$display", "[FAIL] wrap: up expected 0000 after F, got %04b", v0x120f159e0_0 {0 0 0};
    %load/vec4 v0x120f153b0_0;
    %addi 1, 0, 32;
    %store/vec4 v0x120f153b0_0, 0, 32;
    %jmp T_3.19;
T_3.18 ;
    %vpi_call 2 91 "$display", "[PASS] wrap: up 1111 -> 0000" {0 0 0};
T_3.19 ;
    %delay 20000, 0;
    %vpi_call 2 94 "$display", "=========================================" {0 0 0};
    %vpi_call 2 95 "$display", "  updown_counter | %0d tests | %0d error(s)", v0x120f158b0_0, v0x120f153b0_0 {0 0 0};
    %load/vec4 v0x120f153b0_0;
    %cmpi/e 0, 0, 32;
    %jmp/0xz  T_3.20, 4;
    %vpi_call 2 96 "$display", "  ALL TESTS PASSED" {0 0 0};
    %jmp T_3.21;
T_3.20 ;
    %vpi_call 2 97 "$display", "  SIMULATION FAILED" {0 0 0};
T_3.21 ;
    %vpi_call 2 98 "$display", "=========================================" {0 0 0};
    %vpi_call 2 99 "$finish" {0 0 0};
    %end;
    .thread T_3;
    .scope S_0x120f048c0;
T_4 ;
    %vpi_call 2 103 "$dumpfile", "sim/updown_counter/sim.vcd" {0 0 0};
    %vpi_call 2 104 "$dumpvars", 32'sb00000000000000000000000000000000, S_0x120f048c0 {0 0 0};
    %end;
    .thread T_4;
# The file index is used to find the file name in the following table.
:file_names 4;
    "N/A";
    "<interactive>";
    "sim/updown_counter/sim_updown_counter.v";
    "rtl/updown_counter.v";
