#! /opt/homebrew/Cellar/icarus-verilog/13.0/bin/vvp
:ivl_version "13.0 (stable)" "(v13_0)";
:ivl_delay_selection "TYPICAL";
:vpi_time_precision - 12;
:vpi_module "/opt/homebrew/Cellar/icarus-verilog/13.0/lib/ivl/system.vpi";
:vpi_module "/opt/homebrew/Cellar/icarus-verilog/13.0/lib/ivl/vhdl_sys.vpi";
:vpi_module "/opt/homebrew/Cellar/icarus-verilog/13.0/lib/ivl/vhdl_textio.vpi";
:vpi_module "/opt/homebrew/Cellar/icarus-verilog/13.0/lib/ivl/v2005_math.vpi";
:vpi_module "/opt/homebrew/Cellar/icarus-verilog/13.0/lib/ivl/va_math.vpi";
S_0x120611a80 .scope module, "sim_mux8x1" "sim_mux8x1" 2 2;
 .timescale -9 -12;
v0x1206226c0_0 .var "clk", 0 0;
v0x120622770_0 .var "din", 7 0;
v0x120622800_0 .net "dout", 0 0, v0x120622350_0;  1 drivers
v0x1206228d0_0 .var "en", 0 0;
v0x120622980_0 .var/i "errors", 31 0;
v0x120622a50_0 .var/i "i", 31 0;
v0x120622ae0_0 .var "rstn", 0 0;
v0x120622b70_0 .var "sel", 2 0;
v0x120622c00_0 .var/i "tests", 31 0;
S_0x120611bf0 .scope autotask, "check_dout" "check_dout" 2 23, 2 23 0, S_0x120611a80;
 .timescale -9 -12;
v0x120611db0_0 .var "din_v", 63 0;
v0x120621da0_0 .var "exp", 0 0;
v0x120621e40_0 .var "sel_v", 63 0;
E_0x120611970 .event posedge, v0x1206221f0_0;
TD_sim_mux8x1.check_dout ;
    %wait E_0x120611970;
    %delay 1000, 0;
    %load/vec4 v0x120622c00_0;
    %addi 1, 0, 32;
    %store/vec4 v0x120622c00_0, 0, 32;
    %load/vec4 v0x120622800_0;
    %load/vec4 v0x120621da0_0;
    %cmp/ne;
    %jmp/0xz  T_0.0, 6;
    %vpi_call 2 31 "$display", "[FAIL] sel=%0b din=%08b | exp=%0b got=%0b", v0x120622b70_0, v0x120622770_0, v0x120621da0_0, v0x120622800_0 {0 0 0};
    %load/vec4 v0x120622980_0;
    %addi 1, 0, 32;
    %store/vec4 v0x120622980_0, 0, 32;
    %jmp T_0.1;
T_0.0 ;
    %vpi_call 2 34 "$display", "[PASS] sel=%0b din=%08b dout=%0b", v0x120622b70_0, v0x120622770_0, v0x120622800_0 {0 0 0};
T_0.1 ;
    %end;
S_0x120621ee0 .scope module, "uut" "mux8x1" 2 14, 3 15 0, S_0x120611a80;
 .timescale 0 0;
    .port_info 0 /INPUT 1 "clk";
    .port_info 1 /INPUT 1 "rstn";
    .port_info 2 /INPUT 1 "en";
    .port_info 3 /INPUT 8 "din";
    .port_info 4 /INPUT 3 "sel";
    .port_info 5 /OUTPUT 1 "dout";
v0x1206221f0_0 .net "clk", 0 0, v0x1206226c0_0;  1 drivers
v0x1206222a0_0 .net "din", 7 0, v0x120622770_0;  1 drivers
v0x120622350_0 .var "dout", 0 0;
v0x120622400_0 .net "en", 0 0, v0x1206228d0_0;  1 drivers
v0x1206224a0_0 .net "rstn", 0 0, v0x120622ae0_0;  1 drivers
v0x120622580_0 .net "sel", 2 0, v0x120622b70_0;  1 drivers
E_0x1206221a0/0 .event negedge, v0x1206224a0_0;
E_0x1206221a0/1 .event posedge, v0x1206221f0_0;
E_0x1206221a0 .event/or E_0x1206221a0/0, E_0x1206221a0/1;
    .scope S_0x120621ee0;
T_1 ;
    %wait E_0x1206221a0;
    %load/vec4 v0x1206224a0_0;
    %nor/r;
    %flag_set/vec4 8;
    %jmp/0xz  T_1.0, 8;
    %pushi/vec4 0, 0, 1;
    %store/vec4 v0x120622350_0, 0, 1;
    %jmp T_1.1;
T_1.0 ;
    %load/vec4 v0x120622400_0;
    %flag_set/vec4 8;
    %jmp/0xz  T_1.2, 8;
    %load/vec4 v0x120622580_0;
    %dup/vec4;
    %pushi/vec4 0, 0, 3;
    %cmp/u;
    %jmp/1 T_1.4, 6;
    %dup/vec4;
    %pushi/vec4 1, 0, 3;
    %cmp/u;
    %jmp/1 T_1.5, 6;
    %dup/vec4;
    %pushi/vec4 2, 0, 3;
    %cmp/u;
    %jmp/1 T_1.6, 6;
    %dup/vec4;
    %pushi/vec4 3, 0, 3;
    %cmp/u;
    %jmp/1 T_1.7, 6;
    %dup/vec4;
    %pushi/vec4 4, 0, 3;
    %cmp/u;
    %jmp/1 T_1.8, 6;
    %dup/vec4;
    %pushi/vec4 5, 0, 3;
    %cmp/u;
    %jmp/1 T_1.9, 6;
    %dup/vec4;
    %pushi/vec4 6, 0, 3;
    %cmp/u;
    %jmp/1 T_1.10, 6;
    %dup/vec4;
    %pushi/vec4 7, 0, 3;
    %cmp/u;
    %jmp/1 T_1.11, 6;
    %jmp T_1.12;
T_1.4 ;
    %load/vec4 v0x1206222a0_0;
    %parti/s 1, 0, 2;
    %store/vec4 v0x120622350_0, 0, 1;
    %jmp T_1.12;
T_1.5 ;
    %load/vec4 v0x1206222a0_0;
    %parti/s 1, 1, 2;
    %store/vec4 v0x120622350_0, 0, 1;
    %jmp T_1.12;
T_1.6 ;
    %load/vec4 v0x1206222a0_0;
    %parti/s 1, 2, 3;
    %store/vec4 v0x120622350_0, 0, 1;
    %jmp T_1.12;
T_1.7 ;
    %load/vec4 v0x1206222a0_0;
    %parti/s 1, 3, 3;
    %store/vec4 v0x120622350_0, 0, 1;
    %jmp T_1.12;
T_1.8 ;
    %load/vec4 v0x1206222a0_0;
    %parti/s 1, 4, 4;
    %store/vec4 v0x120622350_0, 0, 1;
    %jmp T_1.12;
T_1.9 ;
    %load/vec4 v0x1206222a0_0;
    %parti/s 1, 5, 4;
    %store/vec4 v0x120622350_0, 0, 1;
    %jmp T_1.12;
T_1.10 ;
    %load/vec4 v0x1206222a0_0;
    %parti/s 1, 6, 4;
    %store/vec4 v0x120622350_0, 0, 1;
    %jmp T_1.12;
T_1.11 ;
    %load/vec4 v0x1206222a0_0;
    %parti/s 1, 7, 4;
    %store/vec4 v0x120622350_0, 0, 1;
    %jmp T_1.12;
T_1.12 ;
    %pop/vec4 1;
T_1.2 ;
T_1.1 ;
    %jmp T_1;
    .thread T_1;
    .scope S_0x120611a80;
T_2 ;
    %pushi/vec4 0, 0, 1;
    %store/vec4 v0x1206226c0_0, 0, 1;
    %end;
    .thread T_2;
    .scope S_0x120611a80;
T_3 ;
    %delay 5000, 0;
    %load/vec4 v0x1206226c0_0;
    %inv;
    %store/vec4 v0x1206226c0_0, 0, 1;
    %jmp T_3;
    .thread T_3;
    .scope S_0x120611a80;
T_4 ;
    %pushi/vec4 0, 0, 32;
    %store/vec4 v0x120622980_0, 0, 32;
    %pushi/vec4 0, 0, 32;
    %store/vec4 v0x120622c00_0, 0, 32;
    %pushi/vec4 0, 0, 1;
    %store/vec4 v0x120622ae0_0, 0, 1;
    %pushi/vec4 0, 0, 1;
    %store/vec4 v0x1206228d0_0, 0, 1;
    %pushi/vec4 0, 0, 8;
    %store/vec4 v0x120622770_0, 0, 8;
    %pushi/vec4 0, 0, 3;
    %store/vec4 v0x120622b70_0, 0, 3;
    %vpi_call 2 41 "$display", "=== mux8x1 testbench ===" {0 0 0};
    %delay 12000, 0;
    %pushi/vec4 1, 0, 1;
    %store/vec4 v0x120622ae0_0, 0, 1;
    %pushi/vec4 1, 0, 1;
    %store/vec4 v0x1206228d0_0, 0, 1;
    %pushi/vec4 0, 0, 32;
    %store/vec4 v0x120622a50_0, 0, 32;
T_4.0 ; Top of for-loop
    %load/vec4 v0x120622a50_0;
    %cmpi/s 8, 0, 32;
	  %jmp/0xz T_4.1, 5;
    %load/vec4 v0x120622a50_0;
    %parti/s 3, 0, 2;
    %store/vec4 v0x120622b70_0, 0, 3;
    %pushi/vec4 1, 0, 8;
    %load/vec4 v0x120622a50_0;
    %ix/vec4 4;
    %shiftl 4;
    %store/vec4 v0x120622770_0, 0, 8;
    %alloc S_0x120611bf0;
    %pushi/vec4 1, 0, 1;
    %store/vec4 v0x120621da0_0, 0, 1;
    %load/vec4 v0x120622a50_0;
    %pad/s 64;
    %store/vec4 v0x120621e40_0, 0, 64;
    %load/vec4 v0x120622a50_0;
    %pad/s 64;
    %store/vec4 v0x120611db0_0, 0, 64;
    %fork TD_sim_mux8x1.check_dout, S_0x120611bf0;
    %join;
    %free S_0x120611bf0;
T_4.2 ; for-loop step statement
    %load/vec4 v0x120622a50_0;
    %addi 1, 0, 32;
    %store/vec4 v0x120622a50_0, 0, 32;
    %jmp T_4.0;
T_4.1 ; for-loop exit label
    %pushi/vec4 0, 0, 32;
    %store/vec4 v0x120622a50_0, 0, 32;
T_4.3 ; Top of for-loop
    %load/vec4 v0x120622a50_0;
    %cmpi/s 8, 0, 32;
	  %jmp/0xz T_4.4, 5;
    %load/vec4 v0x120622a50_0;
    %parti/s 3, 0, 2;
    %store/vec4 v0x120622b70_0, 0, 3;
    %pushi/vec4 1, 0, 8;
    %load/vec4 v0x120622a50_0;
    %ix/vec4 4;
    %shiftl 4;
    %inv;
    %store/vec4 v0x120622770_0, 0, 8;
    %alloc S_0x120611bf0;
    %pushi/vec4 0, 0, 1;
    %store/vec4 v0x120621da0_0, 0, 1;
    %load/vec4 v0x120622a50_0;
    %pad/s 64;
    %store/vec4 v0x120621e40_0, 0, 64;
    %load/vec4 v0x120622a50_0;
    %pad/s 64;
    %store/vec4 v0x120611db0_0, 0, 64;
    %fork TD_sim_mux8x1.check_dout, S_0x120611bf0;
    %join;
    %free S_0x120611bf0;
T_4.5 ; for-loop step statement
    %load/vec4 v0x120622a50_0;
    %addi 1, 0, 32;
    %store/vec4 v0x120622a50_0, 0, 32;
    %jmp T_4.3;
T_4.4 ; for-loop exit label
    %pushi/vec4 4, 0, 3;
    %store/vec4 v0x120622b70_0, 0, 3;
    %pushi/vec4 0, 0, 8;
    %store/vec4 v0x120622770_0, 0, 8;
    %alloc S_0x120611bf0;
    %pushi/vec4 0, 0, 1;
    %store/vec4 v0x120621da0_0, 0, 1;
    %pushi/vec4 4, 0, 64;
    %store/vec4 v0x120621e40_0, 0, 64;
    %pushi/vec4 0, 0, 64;
    %store/vec4 v0x120611db0_0, 0, 64;
    %fork TD_sim_mux8x1.check_dout, S_0x120611bf0;
    %join;
    %free S_0x120611bf0;
    %pushi/vec4 2, 0, 3;
    %store/vec4 v0x120622b70_0, 0, 3;
    %pushi/vec4 255, 0, 8;
    %store/vec4 v0x120622770_0, 0, 8;
    %alloc S_0x120611bf0;
    %pushi/vec4 1, 0, 1;
    %store/vec4 v0x120621da0_0, 0, 1;
    %pushi/vec4 2, 0, 64;
    %store/vec4 v0x120621e40_0, 0, 64;
    %pushi/vec4 255, 0, 64;
    %store/vec4 v0x120611db0_0, 0, 64;
    %fork TD_sim_mux8x1.check_dout, S_0x120611bf0;
    %join;
    %free S_0x120611bf0;
    %pushi/vec4 0, 0, 1;
    %store/vec4 v0x120622ae0_0, 0, 1;
    %delay 2000, 0;
    %load/vec4 v0x120622c00_0;
    %addi 1, 0, 32;
    %store/vec4 v0x120622c00_0, 0, 32;
    %load/vec4 v0x120622800_0;
    %cmpi/ne 0, 0, 1;
    %jmp/0xz  T_4.6, 6;
    %vpi_call 2 70 "$display", "[FAIL] async reset: got %0b", v0x120622800_0 {0 0 0};
    %load/vec4 v0x120622980_0;
    %addi 1, 0, 32;
    %store/vec4 v0x120622980_0, 0, 32;
    %jmp T_4.7;
T_4.6 ;
    %vpi_call 2 73 "$display", "[PASS] async reset: dout=0" {0 0 0};
T_4.7 ;
    %pushi/vec4 1, 0, 1;
    %store/vec4 v0x120622ae0_0, 0, 1;
    %delay 20000, 0;
    %vpi_call 2 77 "$display", "=========================================" {0 0 0};
    %vpi_call 2 78 "$display", "  mux8x1 | %0d tests | %0d error(s)", v0x120622c00_0, v0x120622980_0 {0 0 0};
    %load/vec4 v0x120622980_0;
    %cmpi/e 0, 0, 32;
    %jmp/0xz  T_4.8, 4;
    %vpi_call 2 79 "$display", "  ALL TESTS PASSED" {0 0 0};
    %jmp T_4.9;
T_4.8 ;
    %vpi_call 2 80 "$display", "  SIMULATION FAILED" {0 0 0};
T_4.9 ;
    %vpi_call 2 81 "$display", "=========================================" {0 0 0};
    %vpi_call 2 82 "$finish" {0 0 0};
    %end;
    .thread T_4;
    .scope S_0x120611a80;
T_5 ;
    %vpi_call 2 86 "$dumpfile", "sim/mux8x1/sim.vcd" {0 0 0};
    %vpi_call 2 87 "$dumpvars", 32'sb00000000000000000000000000000000, S_0x120611a80 {0 0 0};
    %end;
    .thread T_5;
# The file index is used to find the file name in the following table.
:file_names 4;
    "N/A";
    "<interactive>";
    "sim/mux8x1/sim_mux8x1.v";
    "rtl/8x1mux.v";
