#! /opt/homebrew/Cellar/icarus-verilog/13.0/bin/vvp
:ivl_version "13.0 (stable)" "(v13_0)";
:ivl_delay_selection "TYPICAL";
:vpi_time_precision - 12;
:vpi_module "/opt/homebrew/Cellar/icarus-verilog/13.0/lib/ivl/system.vpi";
:vpi_module "/opt/homebrew/Cellar/icarus-verilog/13.0/lib/ivl/vhdl_sys.vpi";
:vpi_module "/opt/homebrew/Cellar/icarus-verilog/13.0/lib/ivl/vhdl_textio.vpi";
:vpi_module "/opt/homebrew/Cellar/icarus-verilog/13.0/lib/ivl/v2005_math.vpi";
:vpi_module "/opt/homebrew/Cellar/icarus-verilog/13.0/lib/ivl/va_math.vpi";
S_0x132609760 .scope module, "sim_multiplier16x16" "sim_multiplier16x16" 2 2;
 .timescale -9 -12;
v0x13262ca80_0 .var "clk", 0 0;
v0x13262cb30_0 .var "en", 0 0;
v0x13262cbc0_0 .var/i "errors", 31 0;
v0x13262cc50_0 .net "multi_out", 31 0, L_0x13262cfc0;  1 drivers
v0x13262cd00_0 .var "op_a", 15 0;
v0x13262cdd0_0 .var "op_b", 15 0;
v0x13262ce80_0 .var "reset_n", 0 0;
v0x13262cf30_0 .var/i "tests", 31 0;
S_0x1326098d0 .scope autotask, "check_mult" "check_mult" 2 22, 2 22 0, S_0x132609760;
 .timescale -9 -12;
v0x1326159a0_0 .var "expected", 31 0;
TD_sim_multiplier16x16.check_mult ;
    %wait E_0x13262c0e0;
    %delay 1000, 0;
    %load/vec4 v0x13262cd00_0;
    %pad/u 32;
    %load/vec4 v0x13262cdd0_0;
    %pad/u 32;
    %mul;
    %store/vec4 v0x1326159a0_0, 0, 32;
    %load/vec4 v0x13262cf30_0;
    %addi 1, 0, 32;
    %store/vec4 v0x13262cf30_0, 0, 32;
    %load/vec4 v0x13262cc50_0;
    %load/vec4 v0x1326159a0_0;
    %cmp/ne;
    %jmp/0xz  T_0.0, 6;
    %vpi_call 2 29 "$display", "[FAIL] %04h x %04h | exp=%08h got=%08h", v0x13262cd00_0, v0x13262cdd0_0, v0x1326159a0_0, v0x13262cc50_0 {0 0 0};
    %load/vec4 v0x13262cbc0_0;
    %addi 1, 0, 32;
    %store/vec4 v0x13262cbc0_0, 0, 32;
    %jmp T_0.1;
T_0.0 ;
    %vpi_call 2 32 "$display", "[PASS] %04h x %04h = %08h", v0x13262cd00_0, v0x13262cdd0_0, v0x13262cc50_0 {0 0 0};
T_0.1 ;
    %end;
S_0x13262bf10 .scope begin, "comm" "comm" 2 51, 2 51 0, S_0x132609760;
 .timescale -9 -12;
v0x13262c120_0 .var "res_ab", 31 0;
E_0x13262c0e0 .event posedge, v0x13262c4f0_0;
S_0x13262c1d0 .scope module, "uut" "multiplier" 2 13, 3 16 0, S_0x132609760;
 .timescale 0 0;
    .port_info 0 /INPUT 1 "clk";
    .port_info 1 /INPUT 1 "reset_n";
    .port_info 2 /INPUT 1 "en";
    .port_info 3 /INPUT 16 "op_a";
    .port_info 4 /INPUT 16 "op_b";
    .port_info 5 /OUTPUT 32 "multi_out";
L_0x13262cfc0 .functor BUFZ 32, v0x13262c700_0, C4<00000000000000000000000000000000>, C4<00000000000000000000000000000000>, C4<00000000000000000000000000000000>;
v0x13262c4f0_0 .net "clk", 0 0, v0x13262ca80_0;  1 drivers
v0x13262c5a0_0 .net "en", 0 0, v0x13262cb30_0;  1 drivers
v0x13262c640_0 .net "multi_out", 31 0, L_0x13262cfc0;  alias, 1 drivers
v0x13262c700_0 .var "multi_out_reg", 31 0;
v0x13262c7b0_0 .net "op_a", 15 0, v0x13262cd00_0;  1 drivers
v0x13262c8a0_0 .net "op_b", 15 0, v0x13262cdd0_0;  1 drivers
v0x13262c950_0 .net "reset_n", 0 0, v0x13262ce80_0;  1 drivers
E_0x13262c4a0/0 .event negedge, v0x13262c950_0;
E_0x13262c4a0/1 .event posedge, v0x13262c4f0_0;
E_0x13262c4a0 .event/or E_0x13262c4a0/0, E_0x13262c4a0/1;
    .scope S_0x13262c1d0;
T_1 ;
    %wait E_0x13262c4a0;
    %load/vec4 v0x13262c950_0;
    %nor/r;
    %flag_set/vec4 8;
    %jmp/0xz  T_1.0, 8;
    %pushi/vec4 0, 0, 32;
    %assign/vec4 v0x13262c700_0, 0;
    %jmp T_1.1;
T_1.0 ;
    %load/vec4 v0x13262c5a0_0;
    %flag_set/vec4 8;
    %jmp/0xz  T_1.2, 8;
    %load/vec4 v0x13262c7b0_0;
    %pad/u 32;
    %load/vec4 v0x13262c8a0_0;
    %pad/u 32;
    %mul;
    %assign/vec4 v0x13262c700_0, 0;
T_1.2 ;
T_1.1 ;
    %jmp T_1;
    .thread T_1;
    .scope S_0x132609760;
T_2 ;
    %pushi/vec4 0, 0, 1;
    %store/vec4 v0x13262ca80_0, 0, 1;
    %end;
    .thread T_2;
    .scope S_0x132609760;
T_3 ;
    %delay 5000, 0;
    %load/vec4 v0x13262ca80_0;
    %inv;
    %store/vec4 v0x13262ca80_0, 0, 1;
    %jmp T_3;
    .thread T_3;
    .scope S_0x132609760;
T_4 ;
    %pushi/vec4 0, 0, 32;
    %store/vec4 v0x13262cbc0_0, 0, 32;
    %pushi/vec4 0, 0, 32;
    %store/vec4 v0x13262cf30_0, 0, 32;
    %pushi/vec4 0, 0, 1;
    %store/vec4 v0x13262ce80_0, 0, 1;
    %pushi/vec4 0, 0, 1;
    %store/vec4 v0x13262cb30_0, 0, 1;
    %pushi/vec4 0, 0, 16;
    %store/vec4 v0x13262cd00_0, 0, 16;
    %pushi/vec4 0, 0, 16;
    %store/vec4 v0x13262cdd0_0, 0, 16;
    %vpi_call 2 39 "$display", "=== multiplier16x16 testbench ===" {0 0 0};
    %delay 12000, 0;
    %pushi/vec4 1, 0, 1;
    %store/vec4 v0x13262ce80_0, 0, 1;
    %pushi/vec4 1, 0, 1;
    %store/vec4 v0x13262cb30_0, 0, 1;
    %pushi/vec4 43690, 0, 16;
    %store/vec4 v0x13262cd00_0, 0, 16;
    %pushi/vec4 48059, 0, 16;
    %store/vec4 v0x13262cdd0_0, 0, 16;
    %alloc S_0x1326098d0;
    %fork TD_sim_multiplier16x16.check_mult, S_0x1326098d0;
    %join;
    %free S_0x1326098d0;
    %pushi/vec4 17476, 0, 16;
    %store/vec4 v0x13262cd00_0, 0, 16;
    %pushi/vec4 4369, 0, 16;
    %store/vec4 v0x13262cdd0_0, 0, 16;
    %alloc S_0x1326098d0;
    %fork TD_sim_multiplier16x16.check_mult, S_0x1326098d0;
    %join;
    %free S_0x1326098d0;
    %pushi/vec4 1, 0, 16;
    %store/vec4 v0x13262cd00_0, 0, 16;
    %pushi/vec4 65535, 0, 16;
    %store/vec4 v0x13262cdd0_0, 0, 16;
    %alloc S_0x1326098d0;
    %fork TD_sim_multiplier16x16.check_mult, S_0x1326098d0;
    %join;
    %free S_0x1326098d0;
    %pushi/vec4 0, 0, 16;
    %store/vec4 v0x13262cd00_0, 0, 16;
    %pushi/vec4 65535, 0, 16;
    %store/vec4 v0x13262cdd0_0, 0, 16;
    %alloc S_0x1326098d0;
    %fork TD_sim_multiplier16x16.check_mult, S_0x1326098d0;
    %join;
    %free S_0x1326098d0;
    %pushi/vec4 65535, 0, 16;
    %store/vec4 v0x13262cd00_0, 0, 16;
    %pushi/vec4 65535, 0, 16;
    %store/vec4 v0x13262cdd0_0, 0, 16;
    %alloc S_0x1326098d0;
    %fork TD_sim_multiplier16x16.check_mult, S_0x1326098d0;
    %join;
    %free S_0x1326098d0;
    %pushi/vec4 16, 0, 16;
    %store/vec4 v0x13262cd00_0, 0, 16;
    %pushi/vec4 16, 0, 16;
    %store/vec4 v0x13262cdd0_0, 0, 16;
    %alloc S_0x1326098d0;
    %fork TD_sim_multiplier16x16.check_mult, S_0x1326098d0;
    %join;
    %free S_0x1326098d0;
    %pushi/vec4 256, 0, 16;
    %store/vec4 v0x13262cd00_0, 0, 16;
    %pushi/vec4 256, 0, 16;
    %store/vec4 v0x13262cdd0_0, 0, 16;
    %alloc S_0x1326098d0;
    %fork TD_sim_multiplier16x16.check_mult, S_0x1326098d0;
    %join;
    %free S_0x1326098d0;
    %fork t_1, S_0x13262bf10;
    %jmp t_0;
    .scope S_0x13262bf10;
t_1 ;
    %pushi/vec4 4660, 0, 16;
    %store/vec4 v0x13262cd00_0, 0, 16;
    %pushi/vec4 22136, 0, 16;
    %store/vec4 v0x13262cdd0_0, 0, 16;
    %wait E_0x13262c0e0;
    %delay 1000, 0;
    %load/vec4 v0x13262cc50_0;
    %store/vec4 v0x13262c120_0, 0, 32;
    %pushi/vec4 22136, 0, 16;
    %store/vec4 v0x13262cd00_0, 0, 16;
    %pushi/vec4 4660, 0, 16;
    %store/vec4 v0x13262cdd0_0, 0, 16;
    %wait E_0x13262c0e0;
    %delay 1000, 0;
    %load/vec4 v0x13262cf30_0;
    %addi 1, 0, 32;
    %store/vec4 v0x13262cf30_0, 0, 32;
    %load/vec4 v0x13262cc50_0;
    %load/vec4 v0x13262c120_0;
    %cmp/ne;
    %jmp/0xz  T_4.0, 6;
    %vpi_call 2 60 "$display", "[FAIL] commutativity: AxB=%08h BxA=%08h", v0x13262c120_0, v0x13262cc50_0 {0 0 0};
    %load/vec4 v0x13262cbc0_0;
    %addi 1, 0, 32;
    %store/vec4 v0x13262cbc0_0, 0, 32;
    %jmp T_4.1;
T_4.0 ;
    %vpi_call 2 63 "$display", "[PASS] commutativity: AxB = BxA = %08h", v0x13262cc50_0 {0 0 0};
T_4.1 ;
    %end;
    .scope S_0x132609760;
t_0 %join;
    %pushi/vec4 0, 0, 1;
    %store/vec4 v0x13262ce80_0, 0, 1;
    %delay 2000, 0;
    %load/vec4 v0x13262cf30_0;
    %addi 1, 0, 32;
    %store/vec4 v0x13262cf30_0, 0, 32;
    %load/vec4 v0x13262cc50_0;
    %cmpi/ne 0, 0, 32;
    %jmp/0xz  T_4.2, 6;
    %vpi_call 2 70 "$display", "[FAIL] async reset: got %08h", v0x13262cc50_0 {0 0 0};
    %load/vec4 v0x13262cbc0_0;
    %addi 1, 0, 32;
    %store/vec4 v0x13262cbc0_0, 0, 32;
    %jmp T_4.3;
T_4.2 ;
    %vpi_call 2 73 "$display", "[PASS] async reset: multi_out=0" {0 0 0};
T_4.3 ;
    %pushi/vec4 1, 0, 1;
    %store/vec4 v0x13262ce80_0, 0, 1;
    %delay 20000, 0;
    %vpi_call 2 77 "$display", "=========================================" {0 0 0};
    %vpi_call 2 78 "$display", "  multiplier16x16 | %0d tests | %0d error(s)", v0x13262cf30_0, v0x13262cbc0_0 {0 0 0};
    %load/vec4 v0x13262cbc0_0;
    %cmpi/e 0, 0, 32;
    %jmp/0xz  T_4.4, 4;
    %vpi_call 2 79 "$display", "  ALL TESTS PASSED" {0 0 0};
    %jmp T_4.5;
T_4.4 ;
    %vpi_call 2 80 "$display", "  SIMULATION FAILED" {0 0 0};
T_4.5 ;
    %vpi_call 2 81 "$display", "=========================================" {0 0 0};
    %vpi_call 2 82 "$finish" {0 0 0};
    %end;
    .thread T_4;
    .scope S_0x132609760;
T_5 ;
    %vpi_call 2 86 "$dumpfile", "sim/multiplier16x16/sim.vcd" {0 0 0};
    %vpi_call 2 87 "$dumpvars", 32'sb00000000000000000000000000000000, S_0x132609760 {0 0 0};
    %end;
    .thread T_5;
# The file index is used to find the file name in the following table.
:file_names 4;
    "N/A";
    "<interactive>";
    "sim/multiplier16x16/sim_multiplier16x16.v";
    "rtl/multiplier16x16.v";
