#! /opt/homebrew/Cellar/icarus-verilog/13.0/bin/vvp
:ivl_version "13.0 (stable)" "(v13_0)";
:ivl_delay_selection "TYPICAL";
:vpi_time_precision - 12;
:vpi_module "/opt/homebrew/Cellar/icarus-verilog/13.0/lib/ivl/system.vpi";
:vpi_module "/opt/homebrew/Cellar/icarus-verilog/13.0/lib/ivl/vhdl_sys.vpi";
:vpi_module "/opt/homebrew/Cellar/icarus-verilog/13.0/lib/ivl/vhdl_textio.vpi";
:vpi_module "/opt/homebrew/Cellar/icarus-verilog/13.0/lib/ivl/v2005_math.vpi";
:vpi_module "/opt/homebrew/Cellar/icarus-verilog/13.0/lib/ivl/va_math.vpi";
S_0x12fe0d5c0 .scope module, "sim_arbiter" "sim_arbiter" 2 2;
 .timescale -9 -12;
v0x12fe38110_0 .var "client1_req", 0 0;
v0x12fe381d0_0 .var "client2_req", 0 0;
v0x12fe38280_0 .var "clk", 0 0;
v0x12fe38350_0 .var/i "errors", 31 0;
v0x12fe383e0_0 .var/i "i", 31 0;
v0x12fe384b0_0 .net "o_grant1", 0 0, L_0x12fe38860;  1 drivers
v0x12fe38540_0 .net "o_grant2", 0 0, L_0x12fe38980;  1 drivers
v0x12fe385f0_0 .var "priority_sel", 0 0;
v0x12fe386a0_0 .var "reset_n", 0 0;
v0x12fe387d0_0 .var/i "tests", 31 0;
E_0x12fe07f00 .event posedge, v0x12fe378c0_0;
S_0x12fe0d730 .scope autotask, "check_grants" "check_grants" 2 23, 2 23 0, S_0x12fe0d5c0;
 .timescale -9 -12;
v0x12fe1ccb0_0 .var "exp_g1", 0 0;
v0x12fe36eb0_0 .var "exp_g2", 0 0;
TD_sim_arbiter.check_grants ;
    %load/vec4 v0x12fe387d0_0;
    %addi 1, 0, 32;
    %store/vec4 v0x12fe387d0_0, 0, 32;
    %load/vec4 v0x12fe384b0_0;
    %load/vec4 v0x12fe1ccb0_0;
    %cmp/ne;
    %jmp/1 T_0.2, 6;
    %flag_mov 8, 6;
    %load/vec4 v0x12fe38540_0;
    %load/vec4 v0x12fe36eb0_0;
    %cmp/ne;
    %flag_or 6, 8;
T_0.2;
    %jmp/0xz  T_0.0, 6;
    %vpi_call 2 28 "$display", "[FAIL] exp g1=%0b g2=%0b | got g1=%0b g2=%0b", v0x12fe1ccb0_0, v0x12fe36eb0_0, v0x12fe384b0_0, v0x12fe38540_0 {0 0 0};
    %load/vec4 v0x12fe38350_0;
    %addi 1, 0, 32;
    %store/vec4 v0x12fe38350_0, 0, 32;
    %jmp T_0.1;
T_0.0 ;
    %vpi_call 2 32 "$display", "[PASS] grant1=%0b grant2=%0b", v0x12fe384b0_0, v0x12fe38540_0 {0 0 0};
T_0.1 ;
    %end;
S_0x12fe36f50 .scope module, "uut" "arbiter" 2 13, 3 20 0, S_0x12fe0d5c0;
 .timescale 0 0;
    .port_info 0 /INPUT 1 "clk";
    .port_info 1 /INPUT 1 "reset_n";
    .port_info 2 /INPUT 1 "priority_sel";
    .port_info 3 /INPUT 1 "client1_req";
    .port_info 4 /INPUT 1 "client2_req";
    .port_info 5 /OUTPUT 1 "o_grant1";
    .port_info 6 /OUTPUT 1 "o_grant2";
P_0x12fe37110 .param/l "CLINET1" 0 3 53, C4<01>;
P_0x12fe37150 .param/l "CLINET2" 0 3 54, C4<10>;
P_0x12fe37190 .param/l "IDLE" 0 3 52, C4<00>;
L_0x120078010 .functor BUFT 1, C4<01>, C4<0>, C4<0>, C4<0>;
v0x12fe37480_0 .net/2u *"_ivl_0", 1 0, L_0x120078010;  1 drivers
L_0x120078058 .functor BUFT 1, C4<10>, C4<0>, C4<0>, C4<0>;
v0x12fe37540_0 .net/2u *"_ivl_4", 1 0, L_0x120078058;  1 drivers
v0x12fe375f0_0 .net "client1_req", 0 0, v0x12fe38110_0;  1 drivers
v0x12fe376a0_0 .var "client1_req_d", 0 0;
v0x12fe37740_0 .net "client2_req", 0 0, v0x12fe381d0_0;  1 drivers
v0x12fe37820_0 .var "client2_req_d", 0 0;
v0x12fe378c0_0 .net "clk", 0 0, v0x12fe38280_0;  1 drivers
v0x12fe37960_0 .var "curr_state", 1 0;
v0x12fe37a10_0 .var "next_state", 1 0;
v0x12fe37b20_0 .net "o_grant1", 0 0, L_0x12fe38860;  alias, 1 drivers
v0x12fe37bc0_0 .net "o_grant2", 0 0, L_0x12fe38980;  alias, 1 drivers
v0x12fe37c60_0 .net "priority_sel", 0 0, v0x12fe385f0_0;  1 drivers
v0x12fe37d00_0 .net "reset_n", 0 0, v0x12fe386a0_0;  1 drivers
E_0x12fe373d0/0 .event negedge, v0x12fe37d00_0;
E_0x12fe373d0/1 .event posedge, v0x12fe378c0_0;
E_0x12fe373d0 .event/or E_0x12fe373d0/0, E_0x12fe373d0/1;
E_0x12fe37420 .event anyedge, v0x12fe37c60_0, v0x12fe37960_0, v0x12fe37820_0, v0x12fe376a0_0;
L_0x12fe38860 .cmp/eq 2, v0x12fe37960_0, L_0x120078010;
L_0x12fe38980 .cmp/eq 2, v0x12fe37960_0, L_0x120078058;
S_0x12fe37e10 .scope autotask, "wclk" "wclk" 2 36, 2 36 0, S_0x12fe0d5c0;
 .timescale -9 -12;
v0x12fe37ff0_0 .var/i "k", 31 0;
v0x12fe38080_0 .var/i "n", 31 0;
TD_sim_arbiter.wclk ;
    %pushi/vec4 0, 0, 32;
    %store/vec4 v0x12fe37ff0_0, 0, 32;
T_1.3 ; Top of for-loop
    %load/vec4 v0x12fe37ff0_0;
    %load/vec4 v0x12fe38080_0;
    %cmp/s;
	  %jmp/0xz T_1.4, 5;
    %wait E_0x12fe07f00;
T_1.5 ; for-loop step statement
    %load/vec4 v0x12fe37ff0_0;
    %addi 1, 0, 32;
    %store/vec4 v0x12fe37ff0_0, 0, 32;
    %jmp T_1.3;
T_1.4 ; for-loop exit label
    %delay 1000, 0;
    %end;
    .scope S_0x12fe36f50;
T_2 ;
    %wait E_0x12fe37420;
    %load/vec4 v0x12fe37960_0;
    %dup/vec4;
    %pushi/vec4 0, 0, 2;
    %cmp/u;
    %jmp/1 T_2.0, 6;
    %dup/vec4;
    %pushi/vec4 1, 0, 2;
    %cmp/u;
    %jmp/1 T_2.1, 6;
    %dup/vec4;
    %pushi/vec4 2, 0, 2;
    %cmp/u;
    %jmp/1 T_2.2, 6;
    %pushi/vec4 0, 0, 2;
    %store/vec4 v0x12fe37a10_0, 0, 2;
    %jmp T_2.4;
T_2.0 ;
    %load/vec4 v0x12fe37c60_0;
    %flag_set/vec4 9;
    %flag_get/vec4 9;
    %jmp/0 T_2.7, 9;
    %load/vec4 v0x12fe376a0_0;
    %and;
T_2.7;
    %flag_set/vec4 8;
    %jmp/0xz  T_2.5, 8;
    %pushi/vec4 1, 0, 2;
    %store/vec4 v0x12fe37a10_0, 0, 2;
    %jmp T_2.6;
T_2.5 ;
    %load/vec4 v0x12fe37820_0;
    %flag_set/vec4 8;
    %jmp/0xz  T_2.8, 8;
    %pushi/vec4 2, 0, 2;
    %store/vec4 v0x12fe37a10_0, 0, 2;
    %jmp T_2.9;
T_2.8 ;
    %pushi/vec4 0, 0, 2;
    %store/vec4 v0x12fe37a10_0, 0, 2;
T_2.9 ;
T_2.6 ;
    %jmp T_2.4;
T_2.1 ;
    %load/vec4 v0x12fe37820_0;
    %flag_set/vec4 8;
    %jmp/0xz  T_2.10, 8;
    %pushi/vec4 2, 0, 2;
    %store/vec4 v0x12fe37a10_0, 0, 2;
    %jmp T_2.11;
T_2.10 ;
    %pushi/vec4 0, 0, 2;
    %store/vec4 v0x12fe37a10_0, 0, 2;
T_2.11 ;
    %jmp T_2.4;
T_2.2 ;
    %load/vec4 v0x12fe376a0_0;
    %flag_set/vec4 8;
    %jmp/0xz  T_2.12, 8;
    %pushi/vec4 1, 0, 2;
    %store/vec4 v0x12fe37a10_0, 0, 2;
    %jmp T_2.13;
T_2.12 ;
    %pushi/vec4 0, 0, 2;
    %store/vec4 v0x12fe37a10_0, 0, 2;
T_2.13 ;
    %jmp T_2.4;
T_2.4 ;
    %pop/vec4 1;
    %jmp T_2;
    .thread T_2, $push;
    .scope S_0x12fe36f50;
T_3 ;
    %wait E_0x12fe373d0;
    %load/vec4 v0x12fe37d00_0;
    %nor/r;
    %flag_set/vec4 8;
    %jmp/0xz  T_3.0, 8;
    %pushi/vec4 0, 0, 2;
    %assign/vec4 v0x12fe37960_0, 0;
    %jmp T_3.1;
T_3.0 ;
    %load/vec4 v0x12fe37a10_0;
    %assign/vec4 v0x12fe37960_0, 0;
T_3.1 ;
    %jmp T_3;
    .thread T_3;
    .scope S_0x12fe36f50;
T_4 ;
    %wait E_0x12fe373d0;
    %load/vec4 v0x12fe37d00_0;
    %nor/r;
    %flag_set/vec4 8;
    %jmp/0xz  T_4.0, 8;
    %pushi/vec4 0, 0, 1;
    %assign/vec4 v0x12fe376a0_0, 0;
    %pushi/vec4 0, 0, 1;
    %assign/vec4 v0x12fe37820_0, 0;
    %jmp T_4.1;
T_4.0 ;
    %load/vec4 v0x12fe37b20_0;
    %flag_set/vec4 8;
    %jmp/0xz  T_4.2, 8;
    %pushi/vec4 0, 0, 1;
    %assign/vec4 v0x12fe376a0_0, 0;
    %jmp T_4.3;
T_4.2 ;
    %load/vec4 v0x12fe375f0_0;
    %flag_set/vec4 8;
    %jmp/0xz  T_4.4, 8;
    %pushi/vec4 1, 0, 1;
    %assign/vec4 v0x12fe376a0_0, 0;
T_4.4 ;
T_4.3 ;
    %load/vec4 v0x12fe37bc0_0;
    %flag_set/vec4 8;
    %jmp/0xz  T_4.6, 8;
    %pushi/vec4 0, 0, 1;
    %assign/vec4 v0x12fe37820_0, 0;
    %jmp T_4.7;
T_4.6 ;
    %load/vec4 v0x12fe37740_0;
    %flag_set/vec4 8;
    %jmp/0xz  T_4.8, 8;
    %pushi/vec4 1, 0, 1;
    %assign/vec4 v0x12fe37820_0, 0;
T_4.8 ;
T_4.7 ;
T_4.1 ;
    %jmp T_4;
    .thread T_4;
    .scope S_0x12fe0d5c0;
T_5 ;
    %pushi/vec4 0, 0, 1;
    %store/vec4 v0x12fe38280_0, 0, 1;
    %end;
    .thread T_5;
    .scope S_0x12fe0d5c0;
T_6 ;
    %delay 5000, 0;
    %load/vec4 v0x12fe38280_0;
    %inv;
    %store/vec4 v0x12fe38280_0, 0, 1;
    %jmp T_6;
    .thread T_6;
    .scope S_0x12fe0d5c0;
T_7 ;
    %pushi/vec4 0, 0, 32;
    %store/vec4 v0x12fe38350_0, 0, 32;
    %pushi/vec4 0, 0, 32;
    %store/vec4 v0x12fe387d0_0, 0, 32;
    %pushi/vec4 0, 0, 1;
    %store/vec4 v0x12fe386a0_0, 0, 1;
    %pushi/vec4 0, 0, 1;
    %store/vec4 v0x12fe385f0_0, 0, 1;
    %pushi/vec4 0, 0, 1;
    %store/vec4 v0x12fe38110_0, 0, 1;
    %pushi/vec4 0, 0, 1;
    %store/vec4 v0x12fe381d0_0, 0, 1;
    %vpi_call 2 48 "$display", "=== arbiter testbench ===" {0 0 0};
    %delay 12000, 0;
    %pushi/vec4 1, 0, 1;
    %store/vec4 v0x12fe386a0_0, 0, 1;
    %alloc S_0x12fe37e10;
    %pushi/vec4 1, 0, 32;
    %store/vec4 v0x12fe38080_0, 0, 32;
    %fork TD_sim_arbiter.wclk, S_0x12fe37e10;
    %join;
    %free S_0x12fe37e10;
    %alloc S_0x12fe0d730;
    %pushi/vec4 0, 0, 1;
    %store/vec4 v0x12fe1ccb0_0, 0, 1;
    %pushi/vec4 0, 0, 1;
    %store/vec4 v0x12fe36eb0_0, 0, 1;
    %fork TD_sim_arbiter.check_grants, S_0x12fe0d730;
    %join;
    %free S_0x12fe0d730;
    %pushi/vec4 1, 0, 1;
    %store/vec4 v0x12fe385f0_0, 0, 1;
    %pushi/vec4 1, 0, 1;
    %store/vec4 v0x12fe38110_0, 0, 1;
    %pushi/vec4 0, 0, 1;
    %store/vec4 v0x12fe381d0_0, 0, 1;
    %alloc S_0x12fe37e10;
    %pushi/vec4 3, 0, 32;
    %store/vec4 v0x12fe38080_0, 0, 32;
    %fork TD_sim_arbiter.wclk, S_0x12fe37e10;
    %join;
    %free S_0x12fe37e10;
    %alloc S_0x12fe0d730;
    %pushi/vec4 1, 0, 1;
    %store/vec4 v0x12fe1ccb0_0, 0, 1;
    %pushi/vec4 0, 0, 1;
    %store/vec4 v0x12fe36eb0_0, 0, 1;
    %fork TD_sim_arbiter.check_grants, S_0x12fe0d730;
    %join;
    %free S_0x12fe0d730;
    %pushi/vec4 0, 0, 1;
    %store/vec4 v0x12fe38110_0, 0, 1;
    %alloc S_0x12fe37e10;
    %pushi/vec4 3, 0, 32;
    %store/vec4 v0x12fe38080_0, 0, 32;
    %fork TD_sim_arbiter.wclk, S_0x12fe37e10;
    %join;
    %free S_0x12fe37e10;
    %alloc S_0x12fe0d730;
    %pushi/vec4 0, 0, 1;
    %store/vec4 v0x12fe1ccb0_0, 0, 1;
    %pushi/vec4 0, 0, 1;
    %store/vec4 v0x12fe36eb0_0, 0, 1;
    %fork TD_sim_arbiter.check_grants, S_0x12fe0d730;
    %join;
    %free S_0x12fe0d730;
    %pushi/vec4 0, 0, 1;
    %store/vec4 v0x12fe385f0_0, 0, 1;
    %pushi/vec4 1, 0, 1;
    %store/vec4 v0x12fe381d0_0, 0, 1;
    %alloc S_0x12fe37e10;
    %pushi/vec4 3, 0, 32;
    %store/vec4 v0x12fe38080_0, 0, 32;
    %fork TD_sim_arbiter.wclk, S_0x12fe37e10;
    %join;
    %free S_0x12fe37e10;
    %alloc S_0x12fe0d730;
    %pushi/vec4 0, 0, 1;
    %store/vec4 v0x12fe1ccb0_0, 0, 1;
    %pushi/vec4 1, 0, 1;
    %store/vec4 v0x12fe36eb0_0, 0, 1;
    %fork TD_sim_arbiter.check_grants, S_0x12fe0d730;
    %join;
    %free S_0x12fe0d730;
    %pushi/vec4 0, 0, 1;
    %store/vec4 v0x12fe381d0_0, 0, 1;
    %alloc S_0x12fe37e10;
    %pushi/vec4 3, 0, 32;
    %store/vec4 v0x12fe38080_0, 0, 32;
    %fork TD_sim_arbiter.wclk, S_0x12fe37e10;
    %join;
    %free S_0x12fe37e10;
    %alloc S_0x12fe0d730;
    %pushi/vec4 0, 0, 1;
    %store/vec4 v0x12fe1ccb0_0, 0, 1;
    %pushi/vec4 0, 0, 1;
    %store/vec4 v0x12fe36eb0_0, 0, 1;
    %fork TD_sim_arbiter.check_grants, S_0x12fe0d730;
    %join;
    %free S_0x12fe0d730;
    %pushi/vec4 1, 0, 1;
    %store/vec4 v0x12fe385f0_0, 0, 1;
    %pushi/vec4 1, 0, 1;
    %store/vec4 v0x12fe38110_0, 0, 1;
    %pushi/vec4 1, 0, 1;
    %store/vec4 v0x12fe381d0_0, 0, 1;
    %alloc S_0x12fe37e10;
    %pushi/vec4 3, 0, 32;
    %store/vec4 v0x12fe38080_0, 0, 32;
    %fork TD_sim_arbiter.wclk, S_0x12fe37e10;
    %join;
    %free S_0x12fe37e10;
    %alloc S_0x12fe0d730;
    %pushi/vec4 1, 0, 1;
    %store/vec4 v0x12fe1ccb0_0, 0, 1;
    %pushi/vec4 0, 0, 1;
    %store/vec4 v0x12fe36eb0_0, 0, 1;
    %fork TD_sim_arbiter.check_grants, S_0x12fe0d730;
    %join;
    %free S_0x12fe0d730;
    %pushi/vec4 0, 0, 1;
    %store/vec4 v0x12fe38110_0, 0, 1;
    %alloc S_0x12fe37e10;
    %pushi/vec4 3, 0, 32;
    %store/vec4 v0x12fe38080_0, 0, 32;
    %fork TD_sim_arbiter.wclk, S_0x12fe37e10;
    %join;
    %free S_0x12fe37e10;
    %alloc S_0x12fe0d730;
    %pushi/vec4 0, 0, 1;
    %store/vec4 v0x12fe1ccb0_0, 0, 1;
    %pushi/vec4 1, 0, 1;
    %store/vec4 v0x12fe36eb0_0, 0, 1;
    %fork TD_sim_arbiter.check_grants, S_0x12fe0d730;
    %join;
    %free S_0x12fe0d730;
    %pushi/vec4 0, 0, 1;
    %store/vec4 v0x12fe381d0_0, 0, 1;
    %alloc S_0x12fe37e10;
    %pushi/vec4 3, 0, 32;
    %store/vec4 v0x12fe38080_0, 0, 32;
    %fork TD_sim_arbiter.wclk, S_0x12fe37e10;
    %join;
    %free S_0x12fe37e10;
    %alloc S_0x12fe0d730;
    %pushi/vec4 0, 0, 1;
    %store/vec4 v0x12fe1ccb0_0, 0, 1;
    %pushi/vec4 0, 0, 1;
    %store/vec4 v0x12fe36eb0_0, 0, 1;
    %fork TD_sim_arbiter.check_grants, S_0x12fe0d730;
    %join;
    %free S_0x12fe0d730;
    %pushi/vec4 0, 0, 1;
    %store/vec4 v0x12fe385f0_0, 0, 1;
    %pushi/vec4 1, 0, 1;
    %store/vec4 v0x12fe38110_0, 0, 1;
    %pushi/vec4 1, 0, 1;
    %store/vec4 v0x12fe381d0_0, 0, 1;
    %alloc S_0x12fe37e10;
    %pushi/vec4 3, 0, 32;
    %store/vec4 v0x12fe38080_0, 0, 32;
    %fork TD_sim_arbiter.wclk, S_0x12fe37e10;
    %join;
    %free S_0x12fe37e10;
    %alloc S_0x12fe0d730;
    %pushi/vec4 0, 0, 1;
    %store/vec4 v0x12fe1ccb0_0, 0, 1;
    %pushi/vec4 1, 0, 1;
    %store/vec4 v0x12fe36eb0_0, 0, 1;
    %fork TD_sim_arbiter.check_grants, S_0x12fe0d730;
    %join;
    %free S_0x12fe0d730;
    %pushi/vec4 0, 0, 1;
    %store/vec4 v0x12fe381d0_0, 0, 1;
    %alloc S_0x12fe37e10;
    %pushi/vec4 3, 0, 32;
    %store/vec4 v0x12fe38080_0, 0, 32;
    %fork TD_sim_arbiter.wclk, S_0x12fe37e10;
    %join;
    %free S_0x12fe37e10;
    %alloc S_0x12fe0d730;
    %pushi/vec4 1, 0, 1;
    %store/vec4 v0x12fe1ccb0_0, 0, 1;
    %pushi/vec4 0, 0, 1;
    %store/vec4 v0x12fe36eb0_0, 0, 1;
    %fork TD_sim_arbiter.check_grants, S_0x12fe0d730;
    %join;
    %free S_0x12fe0d730;
    %pushi/vec4 0, 0, 1;
    %store/vec4 v0x12fe38110_0, 0, 1;
    %alloc S_0x12fe37e10;
    %pushi/vec4 3, 0, 32;
    %store/vec4 v0x12fe38080_0, 0, 32;
    %fork TD_sim_arbiter.wclk, S_0x12fe37e10;
    %join;
    %free S_0x12fe37e10;
    %alloc S_0x12fe0d730;
    %pushi/vec4 0, 0, 1;
    %store/vec4 v0x12fe1ccb0_0, 0, 1;
    %pushi/vec4 0, 0, 1;
    %store/vec4 v0x12fe36eb0_0, 0, 1;
    %fork TD_sim_arbiter.check_grants, S_0x12fe0d730;
    %join;
    %free S_0x12fe0d730;
    %pushi/vec4 1, 0, 1;
    %store/vec4 v0x12fe385f0_0, 0, 1;
    %pushi/vec4 0, 0, 32;
    %store/vec4 v0x12fe383e0_0, 0, 32;
T_7.0 ; Top of for-loop
    %load/vec4 v0x12fe383e0_0;
    %cmpi/s 20, 0, 32;
	  %jmp/0xz T_7.1, 5;
    %load/vec4 v0x12fe383e0_0;
    %parti/s 1, 0, 2;
    %store/vec4 v0x12fe38110_0, 0, 1;
    %load/vec4 v0x12fe383e0_0;
    %parti/s 1, 1, 2;
    %store/vec4 v0x12fe381d0_0, 0, 1;
    %wait E_0x12fe07f00;
    %delay 1000, 0;
    %load/vec4 v0x12fe387d0_0;
    %addi 1, 0, 32;
    %store/vec4 v0x12fe387d0_0, 0, 32;
    %load/vec4 v0x12fe384b0_0;
    %flag_set/vec4 9;
    %flag_get/vec4 9;
    %jmp/0 T_7.5, 9;
    %load/vec4 v0x12fe38540_0;
    %and;
T_7.5;
    %flag_set/vec4 8;
    %jmp/0xz  T_7.3, 8;
    %vpi_call 2 88 "$display", "[FAIL] mutual exclusion violated at cycle %0d", v0x12fe383e0_0 {0 0 0};
    %load/vec4 v0x12fe38350_0;
    %addi 1, 0, 32;
    %store/vec4 v0x12fe38350_0, 0, 32;
T_7.3 ;
T_7.2 ; for-loop step statement
    %load/vec4 v0x12fe383e0_0;
    %addi 1, 0, 32;
    %store/vec4 v0x12fe383e0_0, 0, 32;
    %jmp T_7.0;
T_7.1 ; for-loop exit label
    %vpi_call 2 92 "$display", "[PASS] mutual exclusion: never both grants=1 (20 cycles)" {0 0 0};
    %pushi/vec4 0, 0, 1;
    %store/vec4 v0x12fe38110_0, 0, 1;
    %pushi/vec4 0, 0, 1;
    %store/vec4 v0x12fe381d0_0, 0, 1;
    %delay 50000, 0;
    %vpi_call 2 96 "$display", "=========================================" {0 0 0};
    %vpi_call 2 97 "$display", "  arbiter | %0d tests | %0d error(s)", v0x12fe387d0_0, v0x12fe38350_0 {0 0 0};
    %load/vec4 v0x12fe38350_0;
    %cmpi/e 0, 0, 32;
    %jmp/0xz  T_7.6, 4;
    %vpi_call 2 98 "$display", "  ALL TESTS PASSED" {0 0 0};
    %jmp T_7.7;
T_7.6 ;
    %vpi_call 2 99 "$display", "  SIMULATION FAILED" {0 0 0};
T_7.7 ;
    %vpi_call 2 100 "$display", "=========================================" {0 0 0};
    %vpi_call 2 101 "$finish" {0 0 0};
    %end;
    .thread T_7;
    .scope S_0x12fe0d5c0;
T_8 ;
    %vpi_call 2 105 "$dumpfile", "sim/arbiter/sim.vcd" {0 0 0};
    %vpi_call 2 106 "$dumpvars", 32'sb00000000000000000000000000000000, S_0x12fe0d5c0 {0 0 0};
    %end;
    .thread T_8;
# The file index is used to find the file name in the following table.
:file_names 4;
    "N/A";
    "<interactive>";
    "sim/arbiter/sim_arbiter.v";
    "rtl/arbiter.v";
